Component: ARM Compiler 5.06 update 1 (build 61) Tool: armlink [4d35a8]

==============================================================================

Section Cross References

    alloc.o(.text) refers to alloc.o(.data) for .data
    alloc.o(.text) refers to alloc.o(.bss) for .bss
    assert.o(.text) refers to printf8.o(i.__0printf$8) for __2printf
    assert.o(.text) refers to assert.o(.constdata) for .constdata
    io.o(.text) refers to uart.o(.text) for UART_GetChar
    start.o(.text) refers to wdog.o(.text) for WDOG_DisableWDOGEnableUpdate
    start.o(.text) refers to freertos_ke06.o(.text) for main
    sysinit.o(.text) refers to sim.o(.text) for SIM_GetStatus
    sysinit.o(.text) refers to printf8.o(i.__0printf$8) for __2printf
    sysinit.o(.text) refers to uart.o(.text) for UART_Init
    sysinit.o(.text) refers to memseta.o(.text) for __aeabi_memclr4
    sysinit.o(.text) refers to ics.o(.text) for ICS_Trim
    sysinit.o(.text) refers to sysinit.o(.conststring) for .conststring
    sysinit.o(.text) refers to sysinit.o(.data) for .data
    systick.o(.text) refers to printf8.o(i.__0printf$8) for __2printf
    systick.o(.text) refers to systick.o(.data) for .data
    vectors.o(.ARM.__AT_0x00000000) refers to startup_mke06z4.o(STACK) for __initial_sp
    vectors.o(.ARM.__AT_0x00000000) refers to startup_mke06z4.o(.text) for Reset_Handler
    vectors.o(.ARM.__AT_0x00000000) refers to vectors.o(.text) for default_isr
    vectors.o(.ARM.__AT_0x00000000) refers to port.o(.emb_text) for PendSV_Handler
    vectors.o(.ARM.__AT_0x00000000) refers to port.o(.text) for SysTick_Handler
    startup_mke06z4.o(RESET) refers to startup_mke06z4.o(STACK) for __initial_sp
    startup_mke06z4.o(RESET) refers to startup_mke06z4.o(.text) for Reset_Handler
    startup_mke06z4.o(RESET) refers to port.o(.emb_text) for PendSV_Handler
    startup_mke06z4.o(RESET) refers to port.o(.text) for SysTick_Handler
    startup_mke06z4.o(.text) refers to start.o(.text) for SystemInit
    startup_mke06z4.o(.text) refers to entry.o(.ARM.Collect$$$$00000000) for __main
    gpio.o(.text) refers to assert.o(.text) for assert_failed
    uart.o(.text) refers to assert.o(.text) for assert_failed
    uart.o(.text) refers to uidiv.o(.text) for __aeabi_uidivmod
    uart.o(.text) refers to uart.o(.data) for .data
    rtc.o(.text) refers to rtc.o(.data) for .data
    acmp.o(.text) refers to acmp.o(.data) for .data
    adc.o(.text) refers to adc.o(.data) for .data
    mscan.o(.text) refers to memcpya.o(.text) for __aeabi_memcpy
    mscan.o(.text) refers to mscan.o(.data) for .data
    crc.o(.text) refers to uread4.o(.text) for __aeabi_uread4
    ftm.o(.text) refers to assert.o(.text) for assert_failed
    ftm.o(.text) refers to uidiv.o(.text) for __aeabi_uidivmod
    ftm.o(.text) refers to ftm.o(.bss) for .bss
    i2c.o(.text) refers to i2c.o(.data) for .data
    kbi.o(.text) refers to memcpya.o(.text) for __aeabi_memcpy4
    kbi.o(.text) refers to assert.o(.text) for assert_failed
    kbi.o(.text) refers to kbi.o(.constdata) for .constdata
    kbi.o(.text) refers to kbi.o(.data) for .data
    flash.o(.text) refers to uidiv.o(.text) for __aeabi_uidivmod
    pit.o(.text) refers to pit.o(.data) for .data
    pmc.o(.text) refers to arm_cm0.o(.text) for stop
    pwt.o(.text) refers to pwt.o(.data) for .data
    spi.o(.text) refers to uidiv.o(.text) for __aeabi_uidivmod
    spi.o(.text) refers to assert.o(.text) for assert_failed
    spi.o(.text) refers to spi.o(.data) for .data
    freertos_ke06.o(.text) refers to tasks.o(.text) for vTaskDelay
    freertos_ke06.o(.text) refers to port.o(.text) for vPortEnterCritical
    freertos_ke06.o(.text) refers to sysinit.o(.text) for sysinit
    freertos_ke06.o(.text) refers to printf8.o(i.__0printf$8) for __2printf
    freertos_ke06.o(.text) refers to freertos_ke06.o(.data) for .data
    event_groups.o(.text) refers to heap_4.o(.text) for pvPortMalloc
    event_groups.o(.text) refers to list.o(.text) for vListInitialise
    event_groups.o(.text) refers to tasks.o(.text) for vTaskSuspendAll
    event_groups.o(.text) refers to port.o(.text) for vPortYield
    event_groups.o(.text) refers to port.o(.emb_text) for ulSetInterruptMaskFromISR
    queue.o(.text) refers to port.o(.text) for vPortEnterCritical
    queue.o(.text) refers to list.o(.text) for vListInitialise
    queue.o(.text) refers to tasks.o(.text) for xTaskRemoveFromEventList
    queue.o(.text) refers to heap_4.o(.text) for pvPortMalloc
    queue.o(.text) refers to memcpya.o(.text) for __aeabi_memcpy
    queue.o(.text) refers to port.o(.emb_text) for ulSetInterruptMaskFromISR
    queue.o(.text) refers to queue.o(.bss) for .bss
    tasks.o(.text) refers to port.o(.text) for vPortEnterCritical
    tasks.o(.text) refers to list.o(.text) for vListInitialise
    tasks.o(.text) refers to heap_4.o(.text) for pvPortMalloc
    tasks.o(.text) refers to tasks.o(.data) for .data
    tasks.o(.text) refers to tasks.o(.bss) for .bss
    tasks.o(.text) refers to port.o(.emb_text) for ulSetInterruptMaskFromISR
    tasks.o(.text) refers to timers.o(.text) for xTimerCreateTimerTask
    tasks.o(.text) refers to tasks.o(i.__ARM_common_switch8) for __ARM_common_switch8
    tasks.o(.text) refers to memseta.o(.text) for __aeabi_memset
    timers.o(.text) refers to list.o(.text) for vListInsert
    timers.o(.text) refers to tasks.o(.text) for xTaskGetSchedulerState
    timers.o(.text) refers to queue.o(.text) for xQueueGenericSend
    timers.o(.text) refers to port.o(.text) for vPortEnterCritical
    timers.o(.text) refers to heap_4.o(.text) for pvPortMalloc
    timers.o(.text) refers to tasks.o(i.__ARM_common_switch8) for __ARM_common_switch8
    timers.o(.text) refers to timers.o(.data) for .data
    timers.o(.text) refers to timers.o(.bss) for .bss
    port.o(.emb_text) refers to tasks.o(.data) for pxCurrentTCB
    port.o(.emb_text) refers to tasks.o(.text) for vTaskSwitchContext
    port.o(.text) refers to uidiv.o(.text) for __aeabi_uidivmod
    port.o(.text) refers to port.o(.emb_text) for __asm___6_port_c_39a90d8d__prvPortStartFirstTask
    port.o(.text) refers to tasks.o(.text) for xTaskIncrementTick
    port.o(.text) refers to port.o(.data) for .data
    port.o(.text) refers to freertos_ke06.o(.data) for SystemCoreClock
    heap_4.o(.text) refers to tasks.o(.text) for vTaskSuspendAll
    heap_4.o(.text) refers to heap_4.o(.data) for .data
    heap_4.o(.text) refers to heap_4.o(.bss) for .bss
    entry.o(.ARM.Collect$$$$00000000) refers (Special) to entry10a.o(.ARM.Collect$$$$0000000D) for __rt_final_cpp
    entry.o(.ARM.Collect$$$$00000000) refers (Special) to entry11a.o(.ARM.Collect$$$$0000000F) for __rt_final_exit
    entry.o(.ARM.Collect$$$$00000000) refers (Special) to entry7b.o(.ARM.Collect$$$$00000008) for _main_clock
    entry.o(.ARM.Collect$$$$00000000) refers (Special) to entry8b.o(.ARM.Collect$$$$0000000A) for _main_cpp_init
    entry.o(.ARM.Collect$$$$00000000) refers (Special) to entry9a.o(.ARM.Collect$$$$0000000B) for _main_init
    entry.o(.ARM.Collect$$$$00000000) refers (Special) to entry5.o(.ARM.Collect$$$$00000004) for _main_scatterload
    entry.o(.ARM.Collect$$$$00000000) refers (Special) to entry2.o(.ARM.Collect$$$$00000001) for _main_stk
    printfb.o(i.__0fprintf$bare) refers to printfb.o(i._printf_core) for _printf_core
    printfb.o(i.__0fprintf$bare) refers to io.o(.text) for fputc
    printfb.o(i.__0printf$bare) refers to printfb.o(i._printf_core) for _printf_core
    printfb.o(i.__0printf$bare) refers to io.o(.text) for fputc
    printfb.o(i.__0printf$bare) refers to stdout.o(.data) for __stdout
    printfb.o(i.__0snprintf$bare) refers to printfb.o(i._printf_core) for _printf_core
    printfb.o(i.__0snprintf$bare) refers to printfb.o(i._snputc) for _snputc
    printfb.o(i.__0sprintf$bare) refers to printfb.o(i._printf_core) for _printf_core
    printfb.o(i.__0sprintf$bare) refers to printfb.o(i._sputc) for _sputc
    printfb.o(i.__0vfprintf$bare) refers to printfb.o(i._printf_core) for _printf_core
    printfb.o(i.__0vfprintf$bare) refers to io.o(.text) for fputc
    printfb.o(i.__0vprintf$bare) refers to printfb.o(i._printf_core) for _printf_core
    printfb.o(i.__0vprintf$bare) refers to io.o(.text) for fputc
    printfb.o(i.__0vprintf$bare) refers to stdout.o(.data) for __stdout
    printfb.o(i.__0vsnprintf$bare) refers to printfb.o(i._printf_core) for _printf_core
    printfb.o(i.__0vsnprintf$bare) refers to printfb.o(i._snputc) for _snputc
    printfb.o(i.__0vsprintf$bare) refers to printfb.o(i._printf_core) for _printf_core
    printfb.o(i.__0vsprintf$bare) refers to printfb.o(i._sputc) for _sputc
    printf0.o(i.__0fprintf$0) refers to printf0.o(i._printf_core) for _printf_core
    printf0.o(i.__0fprintf$0) refers to io.o(.text) for fputc
    printf0.o(i.__0printf$0) refers to printf0.o(i._printf_core) for _printf_core
    printf0.o(i.__0printf$0) refers to io.o(.text) for fputc
    printf0.o(i.__0printf$0) refers to stdout.o(.data) for __stdout
    printf0.o(i.__0snprintf$0) refers to printf0.o(i._printf_core) for _printf_core
    printf0.o(i.__0snprintf$0) refers to printf0.o(i._snputc) for _snputc
    printf0.o(i.__0sprintf$0) refers to printf0.o(i._printf_core) for _printf_core
    printf0.o(i.__0sprintf$0) refers to printf0.o(i._sputc) for _sputc
    printf0.o(i.__0vfprintf$0) refers to printf0.o(i._printf_core) for _printf_core
    printf0.o(i.__0vfprintf$0) refers to io.o(.text) for fputc
    printf0.o(i.__0vprintf$0) refers to printf0.o(i._printf_core) for _printf_core
    printf0.o(i.__0vprintf$0) refers to io.o(.text) for fputc
    printf0.o(i.__0vprintf$0) refers to stdout.o(.data) for __stdout
    printf0.o(i.__0vsnprintf$0) refers to printf0.o(i._printf_core) for _printf_core
    printf0.o(i.__0vsnprintf$0) refers to printf0.o(i._snputc) for _snputc
    printf0.o(i.__0vsprintf$0) refers to printf0.o(i._printf_core) for _printf_core
    printf0.o(i.__0vsprintf$0) refers to printf0.o(i._sputc) for _sputc
    printf1.o(i.__0fprintf$1) refers to printf1.o(i._printf_core) for _printf_core
    printf1.o(i.__0fprintf$1) refers to io.o(.text) for fputc
    printf1.o(i.__0printf$1) refers to printf1.o(i._printf_core) for _printf_core
    printf1.o(i.__0printf$1) refers to io.o(.text) for fputc
    printf1.o(i.__0printf$1) refers to stdout.o(.data) for __stdout
    printf1.o(i.__0snprintf$1) refers to printf1.o(i._printf_core) for _printf_core
    printf1.o(i.__0snprintf$1) refers to printf1.o(i._snputc) for _snputc
    printf1.o(i.__0sprintf$1) refers to printf1.o(i._printf_core) for _printf_core
    printf1.o(i.__0sprintf$1) refers to printf1.o(i._sputc) for _sputc
    printf1.o(i.__0vfprintf$1) refers to printf1.o(i._printf_core) for _printf_core
    printf1.o(i.__0vfprintf$1) refers to io.o(.text) for fputc
    printf1.o(i.__0vprintf$1) refers to printf1.o(i._printf_core) for _printf_core
    printf1.o(i.__0vprintf$1) refers to io.o(.text) for fputc
    printf1.o(i.__0vprintf$1) refers to stdout.o(.data) for __stdout
    printf1.o(i.__0vsnprintf$1) refers to printf1.o(i._printf_core) for _printf_core
    printf1.o(i.__0vsnprintf$1) refers to printf1.o(i._snputc) for _snputc
    printf1.o(i.__0vsprintf$1) refers to printf1.o(i._printf_core) for _printf_core
    printf1.o(i.__0vsprintf$1) refers to printf1.o(i._sputc) for _sputc
    printf1.o(i._printf_core) refers to uidiv.o(.text) for __aeabi_uidivmod
    printf2.o(i.__0fprintf$2) refers to printf2.o(i._printf_core) for _printf_core
    printf2.o(i.__0fprintf$2) refers to io.o(.text) for fputc
    printf2.o(i.__0printf$2) refers to printf2.o(i._printf_core) for _printf_core
    printf2.o(i.__0printf$2) refers to io.o(.text) for fputc
    printf2.o(i.__0printf$2) refers to stdout.o(.data) for __stdout
    printf2.o(i.__0snprintf$2) refers to printf2.o(i._printf_core) for _printf_core
    printf2.o(i.__0snprintf$2) refers to printf2.o(i._snputc) for _snputc
    printf2.o(i.__0sprintf$2) refers to printf2.o(i._printf_core) for _printf_core
    printf2.o(i.__0sprintf$2) refers to printf2.o(i._sputc) for _sputc
    printf2.o(i.__0vfprintf$2) refers to printf2.o(i._printf_core) for _printf_core
    printf2.o(i.__0vfprintf$2) refers to io.o(.text) for fputc
    printf2.o(i.__0vprintf$2) refers to printf2.o(i._printf_core) for _printf_core
    printf2.o(i.__0vprintf$2) refers to io.o(.text) for fputc
    printf2.o(i.__0vprintf$2) refers to stdout.o(.data) for __stdout
    printf2.o(i.__0vsnprintf$2) refers to printf2.o(i._printf_core) for _printf_core
    printf2.o(i.__0vsnprintf$2) refers to printf2.o(i._snputc) for _snputc
    printf2.o(i.__0vsprintf$2) refers to printf2.o(i._printf_core) for _printf_core
    printf2.o(i.__0vsprintf$2) refers to printf2.o(i._sputc) for _sputc
    printf3.o(i.__0fprintf$3) refers to printf3.o(i._printf_core) for _printf_core
    printf3.o(i.__0fprintf$3) refers to io.o(.text) for fputc
    printf3.o(i.__0printf$3) refers to printf3.o(i._printf_core) for _printf_core
    printf3.o(i.__0printf$3) refers to io.o(.text) for fputc
    printf3.o(i.__0printf$3) refers to stdout.o(.data) for __stdout
    printf3.o(i.__0snprintf$3) refers to printf3.o(i._printf_core) for _printf_core
    printf3.o(i.__0snprintf$3) refers to printf3.o(i._snputc) for _snputc
    printf3.o(i.__0sprintf$3) refers to printf3.o(i._printf_core) for _printf_core
    printf3.o(i.__0sprintf$3) refers to printf3.o(i._sputc) for _sputc
    printf3.o(i.__0vfprintf$3) refers to printf3.o(i._printf_core) for _printf_core
    printf3.o(i.__0vfprintf$3) refers to io.o(.text) for fputc
    printf3.o(i.__0vprintf$3) refers to printf3.o(i._printf_core) for _printf_core
    printf3.o(i.__0vprintf$3) refers to io.o(.text) for fputc
    printf3.o(i.__0vprintf$3) refers to stdout.o(.data) for __stdout
    printf3.o(i.__0vsnprintf$3) refers to printf3.o(i._printf_core) for _printf_core
    printf3.o(i.__0vsnprintf$3) refers to printf3.o(i._snputc) for _snputc
    printf3.o(i.__0vsprintf$3) refers to printf3.o(i._printf_core) for _printf_core
    printf3.o(i.__0vsprintf$3) refers to printf3.o(i._sputc) for _sputc
    printf3.o(i._printf_core) refers to uidiv.o(.text) for __aeabi_uidivmod
    printf4.o(i.__0fprintf$4) refers to printf4.o(i._printf_core) for _printf_core
    printf4.o(i.__0fprintf$4) refers to io.o(.text) for fputc
    printf4.o(i.__0printf$4) refers to printf4.o(i._printf_core) for _printf_core
    printf4.o(i.__0printf$4) refers to io.o(.text) for fputc
    printf4.o(i.__0printf$4) refers to stdout.o(.data) for __stdout
    printf4.o(i.__0snprintf$4) refers to printf4.o(i._printf_core) for _printf_core
    printf4.o(i.__0snprintf$4) refers to printf4.o(i._snputc) for _snputc
    printf4.o(i.__0sprintf$4) refers to printf4.o(i._printf_core) for _printf_core
    printf4.o(i.__0sprintf$4) refers to printf4.o(i._sputc) for _sputc
    printf4.o(i.__0vfprintf$4) refers to printf4.o(i._printf_core) for _printf_core
    printf4.o(i.__0vfprintf$4) refers to io.o(.text) for fputc
    printf4.o(i.__0vprintf$4) refers to printf4.o(i._printf_core) for _printf_core
    printf4.o(i.__0vprintf$4) refers to io.o(.text) for fputc
    printf4.o(i.__0vprintf$4) refers to stdout.o(.data) for __stdout
    printf4.o(i.__0vsnprintf$4) refers to printf4.o(i._printf_core) for _printf_core
    printf4.o(i.__0vsnprintf$4) refers to printf4.o(i._snputc) for _snputc
    printf4.o(i.__0vsprintf$4) refers to printf4.o(i._printf_core) for _printf_core
    printf4.o(i.__0vsprintf$4) refers to printf4.o(i._sputc) for _sputc
    printf4.o(i._printf_core) refers to uldiv.o(.text) for __aeabi_uldivmod
    printf5.o(i.__0fprintf$5) refers to printf5.o(i._printf_core) for _printf_core
    printf5.o(i.__0fprintf$5) refers to io.o(.text) for fputc
    printf5.o(i.__0printf$5) refers to printf5.o(i._printf_core) for _printf_core
    printf5.o(i.__0printf$5) refers to io.o(.text) for fputc
    printf5.o(i.__0printf$5) refers to stdout.o(.data) for __stdout
    printf5.o(i.__0snprintf$5) refers to printf5.o(i._printf_core) for _printf_core
    printf5.o(i.__0snprintf$5) refers to printf5.o(i._snputc) for _snputc
    printf5.o(i.__0sprintf$5) refers to printf5.o(i._printf_core) for _printf_core
    printf5.o(i.__0sprintf$5) refers to printf5.o(i._sputc) for _sputc
    printf5.o(i.__0vfprintf$5) refers to printf5.o(i._printf_core) for _printf_core
    printf5.o(i.__0vfprintf$5) refers to io.o(.text) for fputc
    printf5.o(i.__0vprintf$5) refers to printf5.o(i._printf_core) for _printf_core
    printf5.o(i.__0vprintf$5) refers to io.o(.text) for fputc
    printf5.o(i.__0vprintf$5) refers to stdout.o(.data) for __stdout
    printf5.o(i.__0vsnprintf$5) refers to printf5.o(i._printf_core) for _printf_core
    printf5.o(i.__0vsnprintf$5) refers to printf5.o(i._snputc) for _snputc
    printf5.o(i.__0vsprintf$5) refers to printf5.o(i._printf_core) for _printf_core
    printf5.o(i.__0vsprintf$5) refers to printf5.o(i._sputc) for _sputc
    printf5.o(i._printf_core) refers to uldiv.o(.text) for __aeabi_uldivmod
    printf6.o(i.__0fprintf$6) refers to printf6.o(i._printf_core) for _printf_core
    printf6.o(i.__0fprintf$6) refers to io.o(.text) for fputc
    printf6.o(i.__0printf$6) refers to printf6.o(i._printf_core) for _printf_core
    printf6.o(i.__0printf$6) refers to io.o(.text) for fputc
    printf6.o(i.__0printf$6) refers to stdout.o(.data) for __stdout
    printf6.o(i.__0snprintf$6) refers to printf6.o(i._printf_core) for _printf_core
    printf6.o(i.__0snprintf$6) refers to printf6.o(i._snputc) for _snputc
    printf6.o(i.__0sprintf$6) refers to printf6.o(i._printf_core) for _printf_core
    printf6.o(i.__0sprintf$6) refers to printf6.o(i._sputc) for _sputc
    printf6.o(i.__0vfprintf$6) refers to printf6.o(i._printf_core) for _printf_core
    printf6.o(i.__0vfprintf$6) refers to io.o(.text) for fputc
    printf6.o(i.__0vprintf$6) refers to printf6.o(i._printf_core) for _printf_core
    printf6.o(i.__0vprintf$6) refers to io.o(.text) for fputc
    printf6.o(i.__0vprintf$6) refers to stdout.o(.data) for __stdout
    printf6.o(i.__0vsnprintf$6) refers to printf6.o(i._printf_core) for _printf_core
    printf6.o(i.__0vsnprintf$6) refers to printf6.o(i._snputc) for _snputc
    printf6.o(i.__0vsprintf$6) refers to printf6.o(i._printf_core) for _printf_core
    printf6.o(i.__0vsprintf$6) refers to printf6.o(i._sputc) for _sputc
    printf6.o(i._printf_core) refers to printf6.o(i._printf_pre_padding) for _printf_pre_padding
    printf6.o(i._printf_core) refers to printf6.o(i._printf_post_padding) for _printf_post_padding
    printf6.o(i._printf_core) refers to uidiv.o(.text) for __aeabi_uidivmod
    printf7.o(i.__0fprintf$7) refers to printf7.o(i._printf_core) for _printf_core
    printf7.o(i.__0fprintf$7) refers to io.o(.text) for fputc
    printf7.o(i.__0printf$7) refers to printf7.o(i._printf_core) for _printf_core
    printf7.o(i.__0printf$7) refers to io.o(.text) for fputc
    printf7.o(i.__0printf$7) refers to stdout.o(.data) for __stdout
    printf7.o(i.__0snprintf$7) refers to printf7.o(i._printf_core) for _printf_core
    printf7.o(i.__0snprintf$7) refers to printf7.o(i._snputc) for _snputc
    printf7.o(i.__0sprintf$7) refers to printf7.o(i._printf_core) for _printf_core
    printf7.o(i.__0sprintf$7) refers to printf7.o(i._sputc) for _sputc
    printf7.o(i.__0vfprintf$7) refers to printf7.o(i._printf_core) for _printf_core
    printf7.o(i.__0vfprintf$7) refers to io.o(.text) for fputc
    printf7.o(i.__0vprintf$7) refers to printf7.o(i._printf_core) for _printf_core
    printf7.o(i.__0vprintf$7) refers to io.o(.text) for fputc
    printf7.o(i.__0vprintf$7) refers to stdout.o(.data) for __stdout
    printf7.o(i.__0vsnprintf$7) refers to printf7.o(i._printf_core) for _printf_core
    printf7.o(i.__0vsnprintf$7) refers to printf7.o(i._snputc) for _snputc
    printf7.o(i.__0vsprintf$7) refers to printf7.o(i._printf_core) for _printf_core
    printf7.o(i.__0vsprintf$7) refers to printf7.o(i._sputc) for _sputc
    printf7.o(i._printf_core) refers to printf7.o(i._printf_pre_padding) for _printf_pre_padding
    printf7.o(i._printf_core) refers to printf7.o(i._printf_post_padding) for _printf_post_padding
    printf7.o(i._printf_core) refers to uldiv.o(.text) for __aeabi_uldivmod
    printf8.o(i.__0fprintf$8) refers to printf8.o(i._printf_core) for _printf_core
    printf8.o(i.__0fprintf$8) refers to io.o(.text) for fputc
    printf8.o(i.__0printf$8) refers to printf8.o(i._printf_core) for _printf_core
    printf8.o(i.__0printf$8) refers to io.o(.text) for fputc
    printf8.o(i.__0printf$8) refers to stdout.o(.data) for __stdout
    printf8.o(i.__0snprintf$8) refers to printf8.o(i._printf_core) for _printf_core
    printf8.o(i.__0snprintf$8) refers to printf8.o(i._snputc) for _snputc
    printf8.o(i.__0sprintf$8) refers to printf8.o(i._printf_core) for _printf_core
    printf8.o(i.__0sprintf$8) refers to printf8.o(i._sputc) for _sputc
    printf8.o(i.__0vfprintf$8) refers to printf8.o(i._printf_core) for _printf_core
    printf8.o(i.__0vfprintf$8) refers to io.o(.text) for fputc
    printf8.o(i.__0vprintf$8) refers to printf8.o(i._printf_core) for _printf_core
    printf8.o(i.__0vprintf$8) refers to io.o(.text) for fputc
    printf8.o(i.__0vprintf$8) refers to stdout.o(.data) for __stdout
    printf8.o(i.__0vsnprintf$8) refers to printf8.o(i._printf_core) for _printf_core
    printf8.o(i.__0vsnprintf$8) refers to printf8.o(i._snputc) for _snputc
    printf8.o(i.__0vsprintf$8) refers to printf8.o(i._printf_core) for _printf_core
    printf8.o(i.__0vsprintf$8) refers to printf8.o(i._sputc) for _sputc
    printf8.o(i._printf_core) refers to printf8.o(i._printf_pre_padding) for _printf_pre_padding
    printf8.o(i._printf_core) refers to printf8.o(i._printf_post_padding) for _printf_post_padding
    printf8.o(i._printf_core) refers to uldiv.o(.text) for __aeabi_uldivmod
    printfa.o(i.__0fprintf) refers (Special) to iusefp.o(.text) for __I$use$fp
    printfa.o(i.__0fprintf) refers to printfa.o(i._printf_core) for _printf_core
    printfa.o(i.__0fprintf) refers to io.o(.text) for fputc
    printfa.o(i.__0printf) refers (Special) to iusefp.o(.text) for __I$use$fp
    printfa.o(i.__0printf) refers to printfa.o(i._printf_core) for _printf_core
    printfa.o(i.__0printf) refers to io.o(.text) for fputc
    printfa.o(i.__0printf) refers to stdout.o(.data) for __stdout
    printfa.o(i.__0snprintf) refers (Special) to iusefp.o(.text) for __I$use$fp
    printfa.o(i.__0snprintf) refers to printfa.o(i._printf_core) for _printf_core
    printfa.o(i.__0snprintf) refers to printfa.o(i._snputc) for _snputc
    printfa.o(i.__0sprintf) refers (Special) to iusefp.o(.text) for __I$use$fp
    printfa.o(i.__0sprintf) refers to printfa.o(i._printf_core) for _printf_core
    printfa.o(i.__0sprintf) refers to printfa.o(i._sputc) for _sputc
    printfa.o(i.__0vfprintf) refers (Special) to iusefp.o(.text) for __I$use$fp
    printfa.o(i.__0vfprintf) refers to printfa.o(i._printf_core) for _printf_core
    printfa.o(i.__0vfprintf) refers to io.o(.text) for fputc
    printfa.o(i.__0vprintf) refers (Special) to iusefp.o(.text) for __I$use$fp
    printfa.o(i.__0vprintf) refers to printfa.o(i._printf_core) for _printf_core
    printfa.o(i.__0vprintf) refers to io.o(.text) for fputc
    printfa.o(i.__0vprintf) refers to stdout.o(.data) for __stdout
    printfa.o(i.__0vsnprintf) refers (Special) to iusefp.o(.text) for __I$use$fp
    printfa.o(i.__0vsnprintf) refers to printfa.o(i._printf_core) for _printf_core
    printfa.o(i.__0vsnprintf) refers to printfa.o(i._snputc) for _snputc
    printfa.o(i.__0vsprintf) refers (Special) to iusefp.o(.text) for __I$use$fp
    printfa.o(i.__0vsprintf) refers to printfa.o(i._printf_core) for _printf_core
    printfa.o(i.__0vsprintf) refers to printfa.o(i._sputc) for _sputc
    printfa.o(i._fp_digits) refers (Special) to iusefp.o(.text) for __I$use$fp
    printfa.o(i._fp_digits) refers to dmul.o(.text) for __aeabi_dmul
    printfa.o(i._fp_digits) refers to ddiv.o(.text) for __aeabi_ddiv
    printfa.o(i._fp_digits) refers to cdrcmple.o(.text) for __aeabi_cdrcmple
    printfa.o(i._fp_digits) refers to dadd.o(.text) for __aeabi_dadd
    printfa.o(i._fp_digits) refers to dfixul.o(.text) for __aeabi_d2ulz
    printfa.o(i._fp_digits) refers to uldiv.o(.text) for __aeabi_uldivmod
    printfa.o(i._printf_core) refers (Special) to iusefp.o(.text) for __I$use$fp
    printfa.o(i._printf_core) refers to printfa.o(i._printf_pre_padding) for _printf_pre_padding
    printfa.o(i._printf_core) refers to uldiv.o(.text) for __aeabi_uldivmod
    printfa.o(i._printf_core) refers to printfa.o(i._printf_post_padding) for _printf_post_padding
    printfa.o(i._printf_core) refers to printfa.o(i._fp_digits) for _fp_digits
    printfa.o(i._printf_core) refers to uidiv.o(.text) for __aeabi_uidivmod
    printfa.o(i._printf_post_padding) refers (Special) to iusefp.o(.text) for __I$use$fp
    printfa.o(i._printf_pre_padding) refers (Special) to iusefp.o(.text) for __I$use$fp
    printfa.o(i._snputc) refers (Special) to iusefp.o(.text) for __I$use$fp
    printfa.o(i._sputc) refers (Special) to iusefp.o(.text) for __I$use$fp
    entry2.o(.ARM.Collect$$$$00000001) refers to entry2.o(.ARM.Collect$$$$00002712) for __lit__00000000
    entry2.o(.ARM.Collect$$$$00002712) refers to startup_mke06z4.o(STACK) for __initial_sp
    entry2.o(__vectab_stack_and_reset_area) refers to startup_mke06z4.o(STACK) for __initial_sp
    entry2.o(__vectab_stack_and_reset_area) refers to entry.o(.ARM.Collect$$$$00000000) for __main
    entry5.o(.ARM.Collect$$$$00000004) refers to init.o(.text) for __scatterload
    entry9a.o(.ARM.Collect$$$$0000000B) refers to freertos_ke06.o(.text) for main
    entry9b.o(.ARM.Collect$$$$0000000C) refers to freertos_ke06.o(.text) for main
    uldiv.o(.text) refers to llushr.o(.text) for __aeabi_llsr
    uldiv.o(.text) refers to llshl.o(.text) for __aeabi_llsl
    dadd.o(.text) refers to llshl.o(.text) for __aeabi_llsl
    dadd.o(.text) refers to llsshr.o(.text) for __aeabi_lasr
    dadd.o(.text) refers to depilogue.o(.text) for _double_epilogue
    dmul.o(.text) refers to depilogue.o(.text) for _double_epilogue
    ddiv.o(.text) refers to depilogue.o(.text) for _double_round
    dfixul.o(.text) refers to llushr.o(.text) for __aeabi_llsr
    dfixul.o(.text) refers to llshl.o(.text) for __aeabi_llsl
    init.o(.text) refers to entry5.o(.ARM.Collect$$$$00000004) for __main_after_scatterload
    depilogue.o(.text) refers to depilogue.o(i.__ARM_clz) for __ARM_clz
    depilogue.o(.text) refers to llshl.o(.text) for __aeabi_llsl
    depilogue.o(.text) refers to llushr.o(.text) for __aeabi_llsr


==============================================================================

Removing Unused input sections from the image.

    Removing alloc.o(.rev16_text), (4 bytes).
    Removing alloc.o(.revsh_text), (4 bytes).
    Removing alloc.o(.text), (188 bytes).
    Removing alloc.o(.bss), (16 bytes).
    Removing alloc.o(.data), (4 bytes).
    Removing assert.o(.rev16_text), (4 bytes).
    Removing assert.o(.revsh_text), (4 bytes).
    Removing io.o(.rev16_text), (4 bytes).
    Removing io.o(.revsh_text), (4 bytes).
    Removing memtest.o(.text), (212 bytes).
    Removing stdlib.o(.rev16_text), (4 bytes).
    Removing stdlib.o(.revsh_text), (4 bytes).
    Removing stdlib.o(.text), (708 bytes).
    Removing arm_cm0.o(.rev16_text), (4 bytes).
    Removing arm_cm0.o(.revsh_text), (4 bytes).
    Removing arm_cm0.o(.text), (40 bytes).
    Removing start.o(.rev16_text), (4 bytes).
    Removing start.o(.revsh_text), (4 bytes).
    Removing sysinit.o(.rev16_text), (4 bytes).
    Removing sysinit.o(.revsh_text), (4 bytes).
    Removing systick.o(.rev16_text), (4 bytes).
    Removing systick.o(.revsh_text), (4 bytes).
    Removing systick.o(.text), (180 bytes).
    Removing systick.o(.data), (4 bytes).
    Removing systick.o(.data), (4 bytes).
    Removing systick.o(.data), (4 bytes).
    Removing vectors.o(.rev16_text), (4 bytes).
    Removing vectors.o(.revsh_text), (4 bytes).
    Removing startup_mke06z4.o(HEAP), (0 bytes).
    Removing gpio.o(.rev16_text), (4 bytes).
    Removing gpio.o(.revsh_text), (4 bytes).
    Removing gpio.o(.text), (1076 bytes).
    Removing uart.o(.rev16_text), (4 bytes).
    Removing uart.o(.revsh_text), (4 bytes).
    Removing wdog.o(.rev16_text), (4 bytes).
    Removing wdog.o(.revsh_text), (4 bytes).
    Removing sim.o(.rev16_text), (4 bytes).
    Removing sim.o(.revsh_text), (4 bytes).
    Removing rtc.o(.rev16_text), (4 bytes).
    Removing rtc.o(.revsh_text), (4 bytes).
    Removing rtc.o(.text), (208 bytes).
    Removing rtc.o(.data), (4 bytes).
    Removing ics.o(.rev16_text), (4 bytes).
    Removing ics.o(.revsh_text), (4 bytes).
    Removing acmp.o(.rev16_text), (4 bytes).
    Removing acmp.o(.revsh_text), (4 bytes).
    Removing acmp.o(.text), (192 bytes).
    Removing acmp.o(.data), (8 bytes).
    Removing adc.o(.rev16_text), (4 bytes).
    Removing adc.o(.revsh_text), (4 bytes).
    Removing adc.o(.text), (424 bytes).
    Removing adc.o(.data), (4 bytes).
    Removing mscan.o(.rev16_text), (4 bytes).
    Removing mscan.o(.revsh_text), (4 bytes).
    Removing mscan.o(.text), (924 bytes).
    Removing mscan.o(.data), (8 bytes).
    Removing crc.o(.rev16_text), (4 bytes).
    Removing crc.o(.revsh_text), (4 bytes).
    Removing crc.o(.text), (280 bytes).
    Removing ftm.o(.rev16_text), (4 bytes).
    Removing ftm.o(.revsh_text), (4 bytes).
    Removing ftm.o(.text), (2112 bytes).
    Removing ftm.o(.bss), (12 bytes).
    Removing i2c.o(.rev16_text), (4 bytes).
    Removing i2c.o(.revsh_text), (4 bytes).
    Removing i2c.o(.text), (864 bytes).
    Removing i2c.o(.data), (8 bytes).
    Removing kbi.o(.rev16_text), (4 bytes).
    Removing kbi.o(.revsh_text), (4 bytes).
    Removing kbi.o(.text), (452 bytes).
    Removing kbi.o(.constdata), (256 bytes).
    Removing kbi.o(.data), (8 bytes).
    Removing flash.o(.rev16_text), (4 bytes).
    Removing flash.o(.revsh_text), (4 bytes).
    Removing flash.o(.text), (1652 bytes).
    Removing pit.o(.rev16_text), (4 bytes).
    Removing pit.o(.revsh_text), (4 bytes).
    Removing pit.o(.text), (356 bytes).
    Removing pit.o(.data), (8 bytes).
    Removing pmc.o(.rev16_text), (4 bytes).
    Removing pmc.o(.revsh_text), (4 bytes).
    Removing pmc.o(.text), (68 bytes).
    Removing pwt.o(.rev16_text), (4 bytes).
    Removing pwt.o(.revsh_text), (4 bytes).
    Removing pwt.o(.text), (264 bytes).
    Removing pwt.o(.data), (4 bytes).
    Removing spi.o(.rev16_text), (4 bytes).
    Removing spi.o(.revsh_text), (4 bytes).
    Removing spi.o(.text), (560 bytes).
    Removing spi.o(.data), (8 bytes).
    Removing freertos_ke06.o(.rev16_text), (4 bytes).
    Removing freertos_ke06.o(.revsh_text), (4 bytes).
    Removing event_groups.o(.text), (656 bytes).
    Removing dadd.o(.text), (356 bytes).
    Removing dmul.o(.text), (208 bytes).
    Removing ddiv.o(.text), (240 bytes).
    Removing dfixul.o(.text), (64 bytes).
    Removing cdrcmple.o(.text), (40 bytes).
    Removing depilogue.o(.text), (190 bytes).
    Removing depilogue.o(i.__ARM_clz), (46 bytes).

100 unused section(s) (total 13144 bytes) removed from the image.

==============================================================================

Image Symbol Table

    Local Symbols

    Symbol Name                              Value     Ov Type        Size  Object(Section)

    .ARM.__AT_0x00000000                     0x00000000   Section      192  vectors.o(.ARM.__AT_0x00000000)
    ../clib/microlib/division.c              0x00000000   Number         0  uidiv.o ABSOLUTE
    ../clib/microlib/division.c              0x00000000   Number         0  uldiv.o ABSOLUTE
    ../clib/microlib/init/entry.s            0x00000000   Number         0  entry10a.o ABSOLUTE
    ../clib/microlib/init/entry.s            0x00000000   Number         0  entry11a.o ABSOLUTE
    ../clib/microlib/init/entry.s            0x00000000   Number         0  entry9a.o ABSOLUTE
    ../clib/microlib/init/entry.s            0x00000000   Number         0  entry8b.o ABSOLUTE
    ../clib/microlib/init/entry.s            0x00000000   Number         0  entry11b.o ABSOLUTE
    ../clib/microlib/init/entry.s            0x00000000   Number         0  entry8a.o ABSOLUTE
    ../clib/microlib/init/entry.s            0x00000000   Number         0  entry7b.o ABSOLUTE
    ../clib/microlib/init/entry.s            0x00000000   Number         0  entry5.o ABSOLUTE
    ../clib/microlib/init/entry.s            0x00000000   Number         0  entry9b.o ABSOLUTE
    ../clib/microlib/init/entry.s            0x00000000   Number         0  entry2.o ABSOLUTE
    ../clib/microlib/init/entry.s            0x00000000   Number         0  entry7a.o ABSOLUTE
    ../clib/microlib/init/entry.s            0x00000000   Number         0  entry10b.o ABSOLUTE
    ../clib/microlib/init/entry.s            0x00000000   Number         0  entry.o ABSOLUTE
    ../clib/microlib/longlong.c              0x00000000   Number         0  llsshr.o ABSOLUTE
    ../clib/microlib/longlong.c              0x00000000   Number         0  llushr.o ABSOLUTE
    ../clib/microlib/longlong.c              0x00000000   Number         0  llshl.o ABSOLUTE
    ../clib/microlib/printf/printf.c         0x00000000   Number         0  printf1.o ABSOLUTE
    ../clib/microlib/printf/printf.c         0x00000000   Number         0  printf2.o ABSOLUTE
    ../clib/microlib/printf/printf.c         0x00000000   Number         0  printf4.o ABSOLUTE
    ../clib/microlib/printf/printf.c         0x00000000   Number         0  printf6.o ABSOLUTE
    ../clib/microlib/printf/printf.c         0x00000000   Number         0  printf7.o ABSOLUTE
    ../clib/microlib/printf/printf.c         0x00000000   Number         0  printf3.o ABSOLUTE
    ../clib/microlib/printf/printf.c         0x00000000   Number         0  printfa.o ABSOLUTE
    ../clib/microlib/printf/printf.c         0x00000000   Number         0  printf8.o ABSOLUTE
    ../clib/microlib/printf/printf.c         0x00000000   Number         0  printf0.o ABSOLUTE
    ../clib/microlib/printf/printf.c         0x00000000   Number         0  printf5.o ABSOLUTE
    ../clib/microlib/printf/printf.c         0x00000000   Number         0  printfb.o ABSOLUTE
    ../clib/microlib/printf/stubs.s          0x00000000   Number         0  stubs.o ABSOLUTE
    ../clib/microlib/stdio/streams.c         0x00000000   Number         0  stdout.o ABSOLUTE
    ../clib/microlib/string/memcpy.c         0x00000000   Number         0  memcpyb.o ABSOLUTE
    ../clib/microlib/string/memcpy.c         0x00000000   Number         0  memcpya.o ABSOLUTE
    ../clib/microlib/string/memset.c         0x00000000   Number         0  memseta.o ABSOLUTE
    ../clib/microlib/stubs.s                 0x00000000   Number         0  iusefp.o ABSOLUTE
    ../clib/microlib/unhosted.c              0x00000000   Number         0  uread4.o ABSOLUTE
    ../fplib/microlib/fpadd.c                0x00000000   Number         0  dadd.o ABSOLUTE
    ../fplib/microlib/fpdiv.c                0x00000000   Number         0  ddiv.o ABSOLUTE
    ../fplib/microlib/fpepilogue.c           0x00000000   Number         0  depilogue.o ABSOLUTE
    ../fplib/microlib/fpfix.c                0x00000000   Number         0  dfixul.o ABSOLUTE
    ../fplib/microlib/fpmul.c                0x00000000   Number         0  dmul.o ABSOLUTE
    ..\..\..\..\src\common\alloc.c           0x00000000   Number         0  alloc.o ABSOLUTE
    ..\..\..\..\src\common\assert.c          0x00000000   Number         0  assert.o ABSOLUTE
    ..\..\..\..\src\common\io.c              0x00000000   Number         0  io.o ABSOLUTE
    ..\..\..\..\src\common\memtest.c         0x00000000   Number         0  memtest.o ABSOLUTE
    ..\..\..\..\src\common\stdlib.c          0x00000000   Number         0  stdlib.o ABSOLUTE
    ..\..\..\..\src\cpu\arm_cm0.c            0x00000000   Number         0  arm_cm0.o ABSOLUTE
    ..\..\..\..\src\cpu\start.c              0x00000000   Number         0  start.o ABSOLUTE
    ..\..\..\..\src\cpu\startup_MKE06Z4.s    0x00000000   Number         0  startup_mke06z4.o ABSOLUTE
    ..\..\..\..\src\cpu\sysinit.c            0x00000000   Number         0  sysinit.o ABSOLUTE
    ..\..\..\..\src\cpu\systick.c            0x00000000   Number         0  systick.o ABSOLUTE
    ..\..\..\..\src\cpu\vectors.c            0x00000000   Number         0  vectors.o ABSOLUTE
    ..\..\..\..\src\drivers\PMC\pmc.c        0x00000000   Number         0  pmc.o ABSOLUTE
    ..\..\..\..\src\drivers\acmp\acmp.c      0x00000000   Number         0  acmp.o ABSOLUTE
    ..\..\..\..\src\drivers\adc\adc.c        0x00000000   Number         0  adc.o ABSOLUTE
    ..\..\..\..\src\drivers\can\mscan.c      0x00000000   Number         0  mscan.o ABSOLUTE
    ..\..\..\..\src\drivers\crc\crc.c        0x00000000   Number         0  crc.o ABSOLUTE
    ..\..\..\..\src\drivers\ftm\ftm.c        0x00000000   Number         0  ftm.o ABSOLUTE
    ..\..\..\..\src\drivers\gpio\gpio.c      0x00000000   Number         0  gpio.o ABSOLUTE
    ..\..\..\..\src\drivers\ics\ics.c        0x00000000   Number         0  ics.o ABSOLUTE
    ..\..\..\..\src\drivers\iic\i2c.c        0x00000000   Number         0  i2c.o ABSOLUTE
    ..\..\..\..\src\drivers\kbi\kbi.c        0x00000000   Number         0  kbi.o ABSOLUTE
    ..\..\..\..\src\drivers\nvm\flash.c      0x00000000   Number         0  flash.o ABSOLUTE
    ..\..\..\..\src\drivers\pit\pit.c        0x00000000   Number         0  pit.o ABSOLUTE
    ..\..\..\..\src\drivers\pwt\pwt.c        0x00000000   Number         0  pwt.o ABSOLUTE
    ..\..\..\..\src\drivers\rtc\rtc.c        0x00000000   Number         0  rtc.o ABSOLUTE
    ..\..\..\..\src\drivers\sim\sim.c        0x00000000   Number         0  sim.o ABSOLUTE
    ..\..\..\..\src\drivers\spi\spi.c        0x00000000   Number         0  spi.o ABSOLUTE
    ..\..\..\..\src\drivers\uart\uart.c      0x00000000   Number         0  uart.o ABSOLUTE
    ..\..\..\..\src\drivers\wdog\wdog.c      0x00000000   Number         0  wdog.o ABSOLUTE
    ..\..\..\..\src\projects\KE06\FreeRTOS_KE06\FreeRTOS_KE06.c 0x00000000   Number         0  freertos_ke06.o ABSOLUTE
    ..\\..\\..\\..\\src\\common\\alloc.c     0x00000000   Number         0  alloc.o ABSOLUTE
    ..\\..\\..\\..\\src\\common\\assert.c    0x00000000   Number         0  assert.o ABSOLUTE
    ..\\..\\..\\..\\src\\common\\io.c        0x00000000   Number         0  io.o ABSOLUTE
    ..\\..\\..\\..\\src\\common\\stdlib.c    0x00000000   Number         0  stdlib.o ABSOLUTE
    ..\\..\\..\\..\\src\\cpu\\arm_cm0.c      0x00000000   Number         0  arm_cm0.o ABSOLUTE
    ..\\..\\..\\..\\src\\cpu\\start.c        0x00000000   Number         0  start.o ABSOLUTE
    ..\\..\\..\\..\\src\\cpu\\sysinit.c      0x00000000   Number         0  sysinit.o ABSOLUTE
    ..\\..\\..\\..\\src\\cpu\\systick.c      0x00000000   Number         0  systick.o ABSOLUTE
    ..\\..\\..\\..\\src\\cpu\\vectors.c      0x00000000   Number         0  vectors.o ABSOLUTE
    ..\\..\\..\\..\\src\\drivers\\PMC\\pmc.c 0x00000000   Number         0  pmc.o ABSOLUTE
    ..\\..\\..\\..\\src\\drivers\\acmp\\acmp.c 0x00000000   Number         0  acmp.o ABSOLUTE
    ..\\..\\..\\..\\src\\drivers\\adc\\adc.c 0x00000000   Number         0  adc.o ABSOLUTE
    ..\\..\\..\\..\\src\\drivers\\can\\mscan.c 0x00000000   Number         0  mscan.o ABSOLUTE
    ..\\..\\..\\..\\src\\drivers\\crc\\crc.c 0x00000000   Number         0  crc.o ABSOLUTE
    ..\\..\\..\\..\\src\\drivers\\ftm\\ftm.c 0x00000000   Number         0  ftm.o ABSOLUTE
    ..\\..\\..\\..\\src\\drivers\\gpio\\gpio.c 0x00000000   Number         0  gpio.o ABSOLUTE
    ..\\..\\..\\..\\src\\drivers\\ics\\ics.c 0x00000000   Number         0  ics.o ABSOLUTE
    ..\\..\\..\\..\\src\\drivers\\iic\\i2c.c 0x00000000   Number         0  i2c.o ABSOLUTE
    ..\\..\\..\\..\\src\\drivers\\kbi\\kbi.c 0x00000000   Number         0  kbi.o ABSOLUTE
    ..\\..\\..\\..\\src\\drivers\\nvm\\flash.c 0x00000000   Number         0  flash.o ABSOLUTE
    ..\\..\\..\\..\\src\\drivers\\pit\\pit.c 0x00000000   Number         0  pit.o ABSOLUTE
    ..\\..\\..\\..\\src\\drivers\\pwt\\pwt.c 0x00000000   Number         0  pwt.o ABSOLUTE
    ..\\..\\..\\..\\src\\drivers\\rtc\\rtc.c 0x00000000   Number         0  rtc.o ABSOLUTE
    ..\\..\\..\\..\\src\\drivers\\sim\\sim.c 0x00000000   Number         0  sim.o ABSOLUTE
    ..\\..\\..\\..\\src\\drivers\\spi\\spi.c 0x00000000   Number         0  spi.o ABSOLUTE
    ..\\..\\..\\..\\src\\drivers\\uart\\uart.c 0x00000000   Number         0  uart.o ABSOLUTE
    ..\\..\\..\\..\\src\\drivers\\wdog\\wdog.c 0x00000000   Number         0  wdog.o ABSOLUTE
    ..\\..\\..\\..\\src\\projects\\KE06\\FreeRTOS_KE06\\FreeRTOS_KE06.c 0x00000000   Number         0  freertos_ke06.o ABSOLUTE
    FreeRTOS\\portable\\RVDS\\ARM_CM0\\port.c 0x00000000   Number         0  port.o ABSOLUTE
    FreeRTOS\croutine.c                      0x00000000   Number         0  croutine.o ABSOLUTE
    FreeRTOS\event_groups.c                  0x00000000   Number         0  event_groups.o ABSOLUTE
    FreeRTOS\list.c                          0x00000000   Number         0  list.o ABSOLUTE
    FreeRTOS\portable\MemMang\heap_4.c       0x00000000   Number         0  heap_4.o ABSOLUTE
    FreeRTOS\portable\RVDS\ARM_CM0\port.c    0x00000000   Number         0  port.o ABSOLUTE
    FreeRTOS\queue.c                         0x00000000   Number         0  queue.o ABSOLUTE
    FreeRTOS\tasks.c                         0x00000000   Number         0  tasks.o ABSOLUTE
    FreeRTOS\timers.c                        0x00000000   Number         0  timers.o ABSOLUTE
    cdrcmple.s                               0x00000000   Number         0  cdrcmple.o ABSOLUTE
    dc.s                                     0x00000000   Number         0  dc.o ABSOLUTE
    handlers.s                               0x00000000   Number         0  handlers.o ABSOLUTE
    init.s                                   0x00000000   Number         0  init.o ABSOLUTE
    RESET                                    0x000000c0   Section      192  startup_mke06z4.o(RESET)
    .ARM.Collect$$$$00000000                 0x00000180   Section        0  entry.o(.ARM.Collect$$$$00000000)
    .ARM.Collect$$$$00000001                 0x00000180   Section        4  entry2.o(.ARM.Collect$$$$00000001)
    .ARM.Collect$$$$00000004                 0x00000184   Section        4  entry5.o(.ARM.Collect$$$$00000004)
    .ARM.Collect$$$$00000008                 0x00000188   Section        0  entry7b.o(.ARM.Collect$$$$00000008)
    .ARM.Collect$$$$0000000A                 0x00000188   Section        0  entry8b.o(.ARM.Collect$$$$0000000A)
    .ARM.Collect$$$$0000000B                 0x00000188   Section        8  entry9a.o(.ARM.Collect$$$$0000000B)
    .ARM.Collect$$$$0000000D                 0x00000190   Section        0  entry10a.o(.ARM.Collect$$$$0000000D)
    .ARM.Collect$$$$0000000F                 0x00000190   Section        0  entry11a.o(.ARM.Collect$$$$0000000F)
    .ARM.Collect$$$$00002712                 0x00000190   Section        4  entry2.o(.ARM.Collect$$$$00002712)
    __lit__00000000                          0x00000190   Data           4  entry2.o(.ARM.Collect$$$$00002712)
    .emb_text                                0x00000194   Section      120  port.o(.emb_text)
    .text                                    0x0000020c   Section        0  assert.o(.text)
    .text                                    0x00000230   Section        0  io.o(.text)
    .text                                    0x00000260   Section        0  start.o(.text)
    .text                                    0x00000276   Section        0  vectors.o(.text)
    .text                                    0x0000027c   Section       36  startup_mke06z4.o(.text)
    .text                                    0x000002a0   Section        0  wdog.o(.text)
    i.__scatterload_copy                     0x000003ec   Section       14  handlers.o(i.__scatterload_copy)
    i.__scatterload_null                     0x000003fa   Section        2  handlers.o(i.__scatterload_null)
    .ARM.__at_0x400                          0x00000400   Section       16  startup_mke06z4.o(.ARM.__at_0x400)
    .text                                    0x00000410   Section        0  sysinit.o(.text)
    .text                                    0x00000728   Section        0  uart.o(.text)
    .text                                    0x000009c0   Section        0  sim.o(.text)
    .text                                    0x00000a70   Section        0  ics.o(.text)
    OSC_Disable                              0x00000ec1   Thumb Code    12  ics.o(.text)
    .text                                    0x00000ed4   Section        0  freertos_ke06.o(.text)
    .text                                    0x00000f9c   Section        0  list.o(.text)
    .text                                    0x00001024   Section        0  queue.o(.text)
    prvUnlockQueue                           0x000010d7   Thumb Code   112  queue.o(.text)
    prvCopyDataToQueue                       0x00001147   Thumb Code   112  queue.o(.text)
    prvCopyDataFromQueue                     0x0000132b   Thumb Code    38  queue.o(.text)
    prvIsQueueEmpty                          0x000017e1   Thumb Code    28  queue.o(.text)
    .text                                    0x00001800   Section        0  tasks.o(.text)
    prvAddNewTaskToReadyList                 0x00001801   Thumb Code   178  tasks.o(.text)
    prvAddCurrentTaskToDelayedList           0x00001ac9   Thumb Code    80  tasks.o(.text)
    prvIdleTask                              0x00001e4b   Thumb Code    20  tasks.o(.text)
    prvListTasksWithinSingleList             0x00001f4f   Thumb Code    86  tasks.o(.text)
    prvInitialiseNewTask                     0x000025cb   Thumb Code   130  tasks.o(.text)
    prvResetNextTaskUnblockTime              0x0000264d   Thumb Code    28  tasks.o(.text)
    prvDeleteTCB                             0x00002669   Thumb Code    18  tasks.o(.text)
    prvTaskIsTaskSuspended                   0x0000267b   Thumb Code    42  tasks.o(.text)
    prvCheckTasksWaitingTermination          0x000026a5   Thumb Code    80  tasks.o(.text)
    .text                                    0x000026fc   Section        0  timers.o(.text)
    prvInsertTimerInActiveList               0x000026fd   Thumb Code    52  timers.o(.text)
    prvTimerTask                             0x0000277d   Thumb Code    38  timers.o(.text)
    prvCheckForValidListAndQueue             0x000027a3   Thumb Code    64  timers.o(.text)
    prvProcessReceivedCommands               0x000028d7   Thumb Code   164  timers.o(.text)
    prvProcessTimerOrBlockTask               0x0000297b   Thumb Code   152  timers.o(.text)
    prvSampleTimeNow                         0x00002a13   Thumb Code    36  timers.o(.text)
    prvSwitchTimerLists                      0x00002a37   Thumb Code    92  timers.o(.text)
    .text                                    0x00002ab0   Section        0  port.o(.text)
    prvTaskExitError                         0x00002ab1   Thumb Code    14  port.o(.text)
    .text                                    0x00002b98   Section        0  heap_4.o(.text)
    prvInsertBlockIntoFreeList               0x00002b99   Thumb Code    72  heap_4.o(.text)
    prvHeapInit                              0x00002cdf   Thumb Code    58  heap_4.o(.text)
    .text                                    0x00002d24   Section        0  uidiv.o(.text)
    .text                                    0x00002d50   Section        0  memcpya.o(.text)
    .text                                    0x00002d74   Section        0  memseta.o(.text)
    .text                                    0x00002d98   Section        0  uldiv.o(.text)
    .text                                    0x00002df8   Section       36  init.o(.text)
    .text                                    0x00002e1c   Section        0  llshl.o(.text)
    .text                                    0x00002e3c   Section        0  llushr.o(.text)
    i.__0printf$8                            0x00002e60   Section        0  printf8.o(i.__0printf$8)
    i.__ARM_common_switch8                   0x00002e80   Section        0  tasks.o(i.__ARM_common_switch8)
    i.__scatterload_zeroinit                 0x00002e9a   Section       14  handlers.o(i.__scatterload_zeroinit)
    i._printf_core                           0x00002ea8   Section        0  printf8.o(i._printf_core)
    _printf_core                             0x00002ea9   Thumb Code  1020  printf8.o(i._printf_core)
    i._printf_post_padding                   0x000032d0   Section        0  printf8.o(i._printf_post_padding)
    _printf_post_padding                     0x000032d1   Thumb Code    32  printf8.o(i._printf_post_padding)
    i._printf_pre_padding                    0x000032f0   Section        0  printf8.o(i._printf_pre_padding)
    _printf_pre_padding                      0x000032f1   Thumb Code    44  printf8.o(i._printf_pre_padding)
    .constdata                               0x0000331c   Section       35  assert.o(.constdata)
    .conststring                             0x00003340   Section       79  sysinit.o(.conststring)
    .data                                    0x1ffff000   Section        4  sysinit.o(.data)
    .data                                    0x1ffff004   Section        4  uart.o(.data)
    .data                                    0x1ffff008   Section        4  freertos_ke06.o(.data)
    .data                                    0x1ffff00c   Section        8  freertos_ke06.o(.data)
    .data                                    0x1ffff014   Section       60  tasks.o(.data)
    uxDeletedTasksWaitingCleanUp             0x1ffff018   Data           4  tasks.o(.data)
    uxCurrentNumberOfTasks                   0x1ffff01c   Data           4  tasks.o(.data)
    xTickCount                               0x1ffff020   Data           4  tasks.o(.data)
    uxTopReadyPriority                       0x1ffff024   Data           4  tasks.o(.data)
    xSchedulerRunning                        0x1ffff028   Data           4  tasks.o(.data)
    uxPendedTicks                            0x1ffff02c   Data           4  tasks.o(.data)
    xYieldPending                            0x1ffff030   Data           4  tasks.o(.data)
    xNumOfOverflows                          0x1ffff034   Data           4  tasks.o(.data)
    uxTaskNumber                             0x1ffff038   Data           4  tasks.o(.data)
    xNextTaskUnblockTime                     0x1ffff03c   Data           4  tasks.o(.data)
    xIdleTaskHandle                          0x1ffff040   Data           4  tasks.o(.data)
    uxSchedulerSuspended                     0x1ffff044   Data           4  tasks.o(.data)
    pxDelayedTaskList                        0x1ffff048   Data           4  tasks.o(.data)
    pxOverflowDelayedTaskList                0x1ffff04c   Data           4  tasks.o(.data)
    .data                                    0x1ffff050   Section       20  timers.o(.data)
    xTimerQueue                              0x1ffff050   Data           4  timers.o(.data)
    xTimerTaskHandle                         0x1ffff054   Data           4  timers.o(.data)
    xLastTime                                0x1ffff058   Data           4  timers.o(.data)
    pxCurrentTimerList                       0x1ffff05c   Data           4  timers.o(.data)
    pxOverflowTimerList                      0x1ffff060   Data           4  timers.o(.data)
    .data                                    0x1ffff064   Section        4  port.o(.data)
    uxCriticalNesting                        0x1ffff064   Data           4  port.o(.data)
    .data                                    0x1ffff068   Section       24  heap_4.o(.data)
    pxEnd                                    0x1ffff068   Data           4  heap_4.o(.data)
    xFreeBytesRemaining                      0x1ffff06c   Data           4  heap_4.o(.data)
    xMinimumEverFreeBytesRemaining           0x1ffff070   Data           4  heap_4.o(.data)
    xBlockAllocatedBit                       0x1ffff074   Data           4  heap_4.o(.data)
    xStart                                   0x1ffff078   Data           8  heap_4.o(.data)
    .data                                    0x1ffff080   Section        4  stdout.o(.data)
    .bss                                     0x1ffff084   Section       64  queue.o(.bss)
    .bss                                     0x1ffff0c4   Section      200  tasks.o(.bss)
    pxReadyTasksLists                        0x1ffff0c4   Data         100  tasks.o(.bss)
    xDelayedTaskList1                        0x1ffff128   Data          20  tasks.o(.bss)
    xDelayedTaskList2                        0x1ffff13c   Data          20  tasks.o(.bss)
    xPendingReadyList                        0x1ffff150   Data          20  tasks.o(.bss)
    xTasksWaitingTermination                 0x1ffff164   Data          20  tasks.o(.bss)
    xSuspendedTaskList                       0x1ffff178   Data          20  tasks.o(.bss)
    .bss                                     0x1ffff18c   Section       40  timers.o(.bss)
    xActiveTimerList1                        0x1ffff18c   Data          20  timers.o(.bss)
    xActiveTimerList2                        0x1ffff1a0   Data          20  timers.o(.bss)
    .bss                                     0x1ffff1b4   Section     6500  heap_4.o(.bss)
    ucHeap                                   0x1ffff1b4   Data        6500  heap_4.o(.bss)
    STACK                                    0x20000b18   Section      512  startup_mke06z4.o(STACK)

    Global Symbols

    Symbol Name                              Value     Ov Type        Size  Object(Section)

    BuildAttributes$$THM_ISAv3M$S$PE$A:L22$X:L11$S22$IEEE1$IW$USESV6$~STKCKD$USESV7$~SHL$OSPACE$ROPI$EBA8$MICROLIB$REQ8$PRES8$EABIv2 0x00000000   Number         0  anon$$obj.o ABSOLUTE
    __ARM_use_no_argv                        0x00000000   Number         0  freertos_ke06.o ABSOLUTE
    __vector_table                           0x00000000   Data         192  vectors.o(.ARM.__AT_0x00000000)
    _printf_a                                0x00000000   Number         0  stubs.o ABSOLUTE
    _printf_c                                0x00000000   Number         0  stubs.o ABSOLUTE
    _printf_charcount                        0x00000000   Number         0  stubs.o ABSOLUTE
    _printf_d                                0x00000000   Number         0  stubs.o ABSOLUTE
    _printf_e                                0x00000000   Number         0  stubs.o ABSOLUTE
    _printf_f                                0x00000000   Number         0  stubs.o ABSOLUTE
    _printf_flags                            0x00000000   Number         0  stubs.o ABSOLUTE
    _printf_fp_dec                           0x00000000   Number         0  stubs.o ABSOLUTE
    _printf_fp_hex                           0x00000000   Number         0  stubs.o ABSOLUTE
    _printf_g                                0x00000000   Number         0  stubs.o ABSOLUTE
    _printf_i                                0x00000000   Number         0  stubs.o ABSOLUTE
    _printf_int_dec                          0x00000000   Number         0  stubs.o ABSOLUTE
    _printf_l                                0x00000000   Number         0  stubs.o ABSOLUTE
    _printf_lc                               0x00000000   Number         0  stubs.o ABSOLUTE
    _printf_ll                               0x00000000   Number         0  stubs.o ABSOLUTE
    _printf_lld                              0x00000000   Number         0  stubs.o ABSOLUTE
    _printf_lli                              0x00000000   Number         0  stubs.o ABSOLUTE
    _printf_llo                              0x00000000   Number         0  stubs.o ABSOLUTE
    _printf_llu                              0x00000000   Number         0  stubs.o ABSOLUTE
    _printf_llx                              0x00000000   Number         0  stubs.o ABSOLUTE
    _printf_longlong_dec                     0x00000000   Number         0  stubs.o ABSOLUTE
    _printf_longlong_hex                     0x00000000   Number         0  stubs.o ABSOLUTE
    _printf_longlong_oct                     0x00000000   Number         0  stubs.o ABSOLUTE
    _printf_ls                               0x00000000   Number         0  stubs.o ABSOLUTE
    _printf_mbtowc                           0x00000000   Number         0  stubs.o ABSOLUTE
    _printf_n                                0x00000000   Number         0  stubs.o ABSOLUTE
    _printf_o                                0x00000000   Number         0  stubs.o ABSOLUTE
    _printf_p                                0x00000000   Number         0  stubs.o ABSOLUTE
    _printf_percent                          0x00000000   Number         0  stubs.o ABSOLUTE
    _printf_pre_padding                      0x00000000   Number         0  stubs.o ABSOLUTE
    _printf_return_value                     0x00000000   Number         0  stubs.o ABSOLUTE
    _printf_s                                0x00000000   Number         0  stubs.o ABSOLUTE
    _printf_sizespec                         0x00000000   Number         0  stubs.o ABSOLUTE
    _printf_str                              0x00000000   Number         0  stubs.o ABSOLUTE
    _printf_truncate_signed                  0x00000000   Number         0  stubs.o ABSOLUTE
    _printf_truncate_unsigned                0x00000000   Number         0  stubs.o ABSOLUTE
    _printf_u                                0x00000000   Number         0  stubs.o ABSOLUTE
    _printf_wc                               0x00000000   Number         0  stubs.o ABSOLUTE
    _printf_wctomb                           0x00000000   Number         0  stubs.o ABSOLUTE
    _printf_widthprec                        0x00000000   Number         0  stubs.o ABSOLUTE
    _printf_x                                0x00000000   Number         0  stubs.o ABSOLUTE
    HEAP$$Base                                - Undefined Reference
    HEAP$$Limit                               - Undefined Reference
    __cpp_initialize__aeabi_                  - Undefined Weak Reference
    __cxa_finalize                            - Undefined Weak Reference
    __decompress                              - Undefined Weak Reference
    _clock_init                               - Undefined Weak Reference
    _microlib_exit                            - Undefined Weak Reference
    __Vectors                                0x000000c0   Data           4  startup_mke06z4.o(RESET)
    __Vectors_Size                           0x000000c0   Number         0  startup_mke06z4.o ABSOLUTE
    __Vectors_End                            0x00000180   Data           0  startup_mke06z4.o(RESET)
    __main                                   0x00000181   Thumb Code     0  entry.o(.ARM.Collect$$$$00000000)
    _main_stk                                0x00000181   Thumb Code     0  entry2.o(.ARM.Collect$$$$00000001)
    _main_scatterload                        0x00000185   Thumb Code     0  entry5.o(.ARM.Collect$$$$00000004)
    __main_after_scatterload                 0x00000189   Thumb Code     0  entry5.o(.ARM.Collect$$$$00000004)
    _main_clock                              0x00000189   Thumb Code     0  entry7b.o(.ARM.Collect$$$$00000008)
    _main_cpp_init                           0x00000189   Thumb Code     0  entry8b.o(.ARM.Collect$$$$0000000A)
    _main_init                               0x00000189   Thumb Code     0  entry9a.o(.ARM.Collect$$$$0000000B)
    __rt_final_cpp                           0x00000191   Thumb Code     0  entry10a.o(.ARM.Collect$$$$0000000D)
    __rt_final_exit                          0x00000191   Thumb Code     0  entry11a.o(.ARM.Collect$$$$0000000F)
    __asm___6_port_c_39a90d8d__prvPortStartFirstTask 0x00000195   Thumb Code    36  port.o(.emb_text)
    ulSetInterruptMaskFromISR                0x000001bd   Thumb Code     8  port.o(.emb_text)
    vClearInterruptMaskFromISR               0x000001c5   Thumb Code     6  port.o(.emb_text)
    PendSV_Handler                           0x000001cb   Thumb Code    62  port.o(.emb_text)
    assert_failed                            0x0000020d   Thumb Code    26  assert.o(.text)
    in_char                                  0x00000231   Thumb Code    10  io.o(.text)
    out_char                                 0x0000023b   Thumb Code    12  io.o(.text)
    char_present                             0x00000247   Thumb Code    10  io.o(.text)
    fputc                                    0x00000251   Thumb Code    12  io.o(.text)
    start                                    0x00000261   Thumb Code    10  start.o(.text)
    cpu_identify                             0x0000026b   Thumb Code     2  start.o(.text)
    flash_identify                           0x0000026d   Thumb Code     2  start.o(.text)
    SystemInit                               0x0000026f   Thumb Code     8  start.o(.text)
    default_isr                              0x00000277   Thumb Code     2  vectors.o(.text)
    abort_isr                                0x00000279   Thumb Code     2  vectors.o(.text)
    hard_fault_handler_c                     0x0000027b   Thumb Code     2  vectors.o(.text)
    Reset_Handler                            0x0000027d   Thumb Code     8  startup_mke06z4.o(.text)
    NMI_Handler                              0x00000285   Thumb Code     2  startup_mke06z4.o(.text)
    HardFault_Handler                        0x00000287   Thumb Code     2  startup_mke06z4.o(.text)
    MemManage_Handler                        0x00000289   Thumb Code     2  startup_mke06z4.o(.text)
    BusFault_Handler                         0x0000028b   Thumb Code     2  startup_mke06z4.o(.text)
    UsageFault_Handler                       0x0000028d   Thumb Code     2  startup_mke06z4.o(.text)
    SVC_Handler                              0x0000028f   Thumb Code     2  startup_mke06z4.o(.text)
    DebugMon_Handler                         0x00000291   Thumb Code     2  startup_mke06z4.o(.text)
    ACMP0_IRQHandler                         0x00000297   Thumb Code     0  startup_mke06z4.o(.text)
    ACMP1_IRQHandler                         0x00000297   Thumb Code     0  startup_mke06z4.o(.text)
    ADC0_IRQHandler                          0x00000297   Thumb Code     0  startup_mke06z4.o(.text)
    DefaultISR                               0x00000297   Thumb Code     0  startup_mke06z4.o(.text)
    FTM0_IRQHandler                          0x00000297   Thumb Code     0  startup_mke06z4.o(.text)
    FTM1_IRQHandler                          0x00000297   Thumb Code     0  startup_mke06z4.o(.text)
    FTM2_IRQHandler                          0x00000297   Thumb Code     0  startup_mke06z4.o(.text)
    FTMRE_IRQHandler                         0x00000297   Thumb Code     0  startup_mke06z4.o(.text)
    I2C0_IRQHandler                          0x00000297   Thumb Code     0  startup_mke06z4.o(.text)
    I2C1_IRQHandler                          0x00000297   Thumb Code     0  startup_mke06z4.o(.text)
    ICS_IRQHandler                           0x00000297   Thumb Code     0  startup_mke06z4.o(.text)
    IRQ_IRQHandler                           0x00000297   Thumb Code     0  startup_mke06z4.o(.text)
    KBI0_IRQHandler                          0x00000297   Thumb Code     0  startup_mke06z4.o(.text)
    KBI1_IRQHandler                          0x00000297   Thumb Code     0  startup_mke06z4.o(.text)
    LVD_LVW_IRQHandler                       0x00000297   Thumb Code     0  startup_mke06z4.o(.text)
    MSCAN_RX_IRQHandler                      0x00000297   Thumb Code     0  startup_mke06z4.o(.text)
    MSCAN_TX_IRQHandler                      0x00000297   Thumb Code     0  startup_mke06z4.o(.text)
    PIT_CH0_IRQHandler                       0x00000297   Thumb Code     0  startup_mke06z4.o(.text)
    PIT_CH1_IRQHandler                       0x00000297   Thumb Code     0  startup_mke06z4.o(.text)
    PWT_IRQHandler                           0x00000297   Thumb Code     0  startup_mke06z4.o(.text)
    RTC_IRQHandler                           0x00000297   Thumb Code     0  startup_mke06z4.o(.text)
    Reserved16_IRQHandler                    0x00000297   Thumb Code     0  startup_mke06z4.o(.text)
    Reserved17_IRQHandler                    0x00000297   Thumb Code     0  startup_mke06z4.o(.text)
    Reserved18_IRQHandler                    0x00000297   Thumb Code     0  startup_mke06z4.o(.text)
    Reserved19_IRQHandler                    0x00000297   Thumb Code     0  startup_mke06z4.o(.text)
    Reserved20_IRQHandler                    0x00000297   Thumb Code     0  startup_mke06z4.o(.text)
    Reserved42_IRQHandler                    0x00000297   Thumb Code     0  startup_mke06z4.o(.text)
    SPI0_IRQHandler                          0x00000297   Thumb Code     0  startup_mke06z4.o(.text)
    SPI1_IRQHandler                          0x00000297   Thumb Code     0  startup_mke06z4.o(.text)
    UART0_IRQHandler                         0x00000297   Thumb Code     0  startup_mke06z4.o(.text)
    UART1_IRQHandler                         0x00000297   Thumb Code     0  startup_mke06z4.o(.text)
    UART2_IRQHandler                         0x00000297   Thumb Code     0  startup_mke06z4.o(.text)
    Watchdog_IRQHandler                      0x00000297   Thumb Code     0  startup_mke06z4.o(.text)
    WDOG_Disable                             0x000002a1   Thumb Code    34  wdog.o(.text)
    WDOG_DisableWDOGEnableUpdate             0x000002c3   Thumb Code    38  wdog.o(.text)
    WDOG_Enable                              0x000002e9   Thumb Code    20  wdog.o(.text)
    WDOG_Init                                0x000002fd   Thumb Code   106  wdog.o(.text)
    WDOG_DeInit                              0x00000367   Thumb Code    28  wdog.o(.text)
    WDOG_Feed                                0x00000383   Thumb Code    16  wdog.o(.text)
    WDOG_EnableUpdate                        0x00000393   Thumb Code    34  wdog.o(.text)
    WDOG_DisableUpdate                       0x000003b5   Thumb Code    34  wdog.o(.text)
    __scatterload_copy                       0x000003ed   Thumb Code    14  handlers.o(i.__scatterload_copy)
    __scatterload_null                       0x000003fb   Thumb Code     2  handlers.o(i.__scatterload_null)
    print_sys_log                            0x00000411   Thumb Code   188  sysinit.o(.text)
    UART_InitPrint                           0x000004cd   Thumb Code    22  sysinit.o(.text)
    sysinit                                  0x000004e3   Thumb Code   106  sysinit.o(.text)
    end_test                                 0x0000054d   Thumb Code    62  sysinit.o(.text)
    UART_Init                                0x00000729   Thumb Code   120  uart.o(.text)
    UART_GetChar                             0x000007a1   Thumb Code    40  uart.o(.text)
    UART_PutChar                             0x000007c9   Thumb Code    10  uart.o(.text)
    UART_SetBaudrate                         0x000007d3   Thumb Code    72  uart.o(.text)
    UART_EnableInterrupt                     0x0000081b   Thumb Code   118  uart.o(.text)
    UART_DisableInterrupt                    0x00000891   Thumb Code   124  uart.o(.text)
    UART_GetFlags                            0x0000090d   Thumb Code    12  uart.o(.text)
    UART_CheckFlag                           0x00000919   Thumb Code    18  uart.o(.text)
    UART_SendWait                            0x0000092b   Thumb Code    26  uart.o(.text)
    UART_ReceiveWait                         0x00000945   Thumb Code    26  uart.o(.text)
    UART_WaitTxComplete                      0x0000095f   Thumb Code    10  uart.o(.text)
    UART_SetCallback                         0x00000969   Thumb Code     6  uart.o(.text)
    UART0_Isr                                0x0000096f   Thumb Code     8  uart.o(.text)
    UART1_Isr                                0x00000977   Thumb Code     8  uart.o(.text)
    UART2_Isr                                0x0000097f   Thumb Code     8  uart.o(.text)
    SIM_Init                                 0x000009c1   Thumb Code   116  sim.o(.text)
    SIM_SetClockGating                       0x00000a35   Thumb Code    18  sim.o(.text)
    SIM_GetStatus                            0x00000a47   Thumb Code     8  sim.o(.text)
    SIM_ReadID                               0x00000a4f   Thumb Code    24  sim.o(.text)
    ICS_SetClkDivider                        0x00000a71   Thumb Code    74  ics.o(.text)
    OSC_Init                                 0x00000abb   Thumb Code    60  ics.o(.text)
    FEI_to_FEE                               0x00000af7   Thumb Code    56  ics.o(.text)
    FEI_to_FBI                               0x00000b2f   Thumb Code    48  ics.o(.text)
    FEI_to_FBE                               0x00000b5f   Thumb Code    70  ics.o(.text)
    FEI_to_FBE_OSC                           0x00000ba5   Thumb Code    78  ics.o(.text)
    FEI_to_FEE_OSC                           0x00000bf3   Thumb Code    56  ics.o(.text)
    FEE_to_FEI                               0x00000c2b   Thumb Code    46  ics.o(.text)
    FEE_to_FBI                               0x00000c59   Thumb Code    68  ics.o(.text)
    FEE_to_FBE                               0x00000c9d   Thumb Code    48  ics.o(.text)
    FBI_to_FBE                               0x00000ccd   Thumb Code    54  ics.o(.text)
    FBI_to_FEE                               0x00000d03   Thumb Code    58  ics.o(.text)
    FBI_to_FBILP                             0x00000d3d   Thumb Code    12  ics.o(.text)
    FBI_to_FEI                               0x00000d49   Thumb Code    50  ics.o(.text)
    FBE_to_FBI                               0x00000d7b   Thumb Code    52  ics.o(.text)
    FBE_to_FEE                               0x00000daf   Thumb Code    36  ics.o(.text)
    FBE_to_FEI                               0x00000dd3   Thumb Code    56  ics.o(.text)
    FBE_to_FBELP                             0x00000e0b   Thumb Code    12  ics.o(.text)
    FBELP_to_FBE                             0x00000e17   Thumb Code    12  ics.o(.text)
    FBILP_to_FBI                             0x00000e23   Thumb Code    12  ics.o(.text)
    ICS_Trim                                 0x00000e2f   Thumb Code    26  ics.o(.text)
    ICS_Init                                 0x00000e49   Thumb Code    86  ics.o(.text)
    ICS_DeInit                               0x00000e9f   Thumb Code    26  ics.o(.text)
    OSC_DeInit                               0x00000eb9   Thumb Code     8  ics.o(.text)
    led_task                                 0x00000ed5   Thumb Code    20  freertos_ke06.o(.text)
    start_task                               0x00000ee9   Thumb Code    38  freertos_ke06.o(.text)
    main                                     0x00000f0f   Thumb Code    56  freertos_ke06.o(.text)
    vListInitialise                          0x00000f9d   Thumb Code    22  list.o(.text)
    vListInitialiseItem                      0x00000fb3   Thumb Code     6  list.o(.text)
    vListInsertEnd                           0x00000fb9   Thumb Code    24  list.o(.text)
    vListInsert                              0x00000fd1   Thumb Code    48  list.o(.text)
    uxListRemove                             0x00001001   Thumb Code    36  list.o(.text)
    xQueueGenericReset                       0x00001025   Thumb Code   110  queue.o(.text)
    xQueueGenericCreate                      0x00001093   Thumb Code    68  queue.o(.text)
    xQueueGenericSend                        0x000011b7   Thumb Code   286  queue.o(.text)
    xQueueCreateMutex                        0x000012d5   Thumb Code    36  queue.o(.text)
    xQueueGiveMutexRecursive                 0x000012f9   Thumb Code    50  queue.o(.text)
    xQueueGenericReceive                     0x00001351   Thumb Code   312  queue.o(.text)
    xQueueTakeMutexRecursive                 0x00001489   Thumb Code    56  queue.o(.text)
    xQueueCreateCountingSemaphore            0x000014c1   Thumb Code    36  queue.o(.text)
    xQueueGenericSendFromISR                 0x000014e5   Thumb Code   140  queue.o(.text)
    xQueueGiveFromISR                        0x00001571   Thumb Code   116  queue.o(.text)
    xQueueReceiveFromISR                     0x000015e5   Thumb Code   118  queue.o(.text)
    xQueuePeekFromISR                        0x0000165b   Thumb Code    76  queue.o(.text)
    uxQueueMessagesWaiting                   0x000016a7   Thumb Code    24  queue.o(.text)
    uxQueueSpacesAvailable                   0x000016bf   Thumb Code    28  queue.o(.text)
    uxQueueMessagesWaitingFromISR            0x000016db   Thumb Code    12  queue.o(.text)
    vQueueUnregisterQueue                    0x000016e7   Thumb Code    34  queue.o(.text)
    vQueueDelete                             0x00001709   Thumb Code    22  queue.o(.text)
    uxQueueGetQueueNumber                    0x0000171f   Thumb Code     4  queue.o(.text)
    vQueueSetQueueNumber                     0x00001723   Thumb Code     4  queue.o(.text)
    ucQueueGetQueueType                      0x00001727   Thumb Code     6  queue.o(.text)
    xQueueIsQueueEmptyFromISR                0x0000172d   Thumb Code    22  queue.o(.text)
    xQueueIsQueueFullFromISR                 0x00001743   Thumb Code    24  queue.o(.text)
    vQueueAddToRegistry                      0x0000175b   Thumb Code    32  queue.o(.text)
    pcQueueGetName                           0x0000177b   Thumb Code    34  queue.o(.text)
    vQueueWaitForMessageRestricted           0x0000179d   Thumb Code    68  queue.o(.text)
    xTaskCreate                              0x000018b3   Thumb Code    78  tasks.o(.text)
    vTaskDelete                              0x00001901   Thumb Code   114  tasks.o(.text)
    xTaskIncrementTick                       0x00001973   Thumb Code   180  tasks.o(.text)
    xTaskResumeAll                           0x00001a27   Thumb Code   162  tasks.o(.text)
    vTaskSuspendAll                          0x00001b19   Thumb Code    10  tasks.o(.text)
    vTaskDelayUntil                          0x00001b23   Thumb Code    94  tasks.o(.text)
    vTaskDelay                               0x00001b81   Thumb Code    44  tasks.o(.text)
    eTaskGetState                            0x00001bad   Thumb Code    94  tasks.o(.text)
    uxTaskPriorityGet                        0x00001c0b   Thumb Code    26  tasks.o(.text)
    uxTaskPriorityGetFromISR                 0x00001c25   Thumb Code    26  tasks.o(.text)
    vTaskPrioritySet                         0x00001c3f   Thumb Code   140  tasks.o(.text)
    vTaskSwitchContext                       0x00001ccb   Thumb Code    80  tasks.o(.text)
    vTaskSuspend                             0x00001d1b   Thumb Code   120  tasks.o(.text)
    vTaskResume                              0x00001d93   Thumb Code    84  tasks.o(.text)
    xTaskResumeFromISR                       0x00001de7   Thumb Code   100  tasks.o(.text)
    vTaskStartScheduler                      0x00001e5f   Thumb Code    66  tasks.o(.text)
    vTaskEndScheduler                        0x00001ea1   Thumb Code    16  tasks.o(.text)
    xTaskGetTickCount                        0x00001eb1   Thumb Code     6  tasks.o(.text)
    xTaskGetTickCountFromISR                 0x00001eb7   Thumb Code     6  tasks.o(.text)
    uxTaskGetNumberOfTasks                   0x00001ebd   Thumb Code     6  tasks.o(.text)
    pcTaskGetName                            0x00001ec3   Thumb Code    20  tasks.o(.text)
    vTaskGetInfo                             0x00001ed7   Thumb Code   120  tasks.o(.text)
    uxTaskGetSystemState                     0x00001fa5   Thumb Code   160  tasks.o(.text)
    vTaskPlaceOnEventList                    0x00002045   Thumb Code    32  tasks.o(.text)
    vTaskPlaceOnUnorderedEventList           0x00002065   Thumb Code    52  tasks.o(.text)
    vTaskPlaceOnEventListRestricted          0x00002099   Thumb Code    42  tasks.o(.text)
    xTaskRemoveFromEventList                 0x000020c3   Thumb Code    92  tasks.o(.text)
    xTaskRemoveFromUnorderedEventList        0x0000211f   Thumb Code    88  tasks.o(.text)
    vTaskSetTimeOutState                     0x00002177   Thumb Code    20  tasks.o(.text)
    xTaskCheckForTimeOut                     0x0000218b   Thumb Code    80  tasks.o(.text)
    vTaskMissedYield                         0x000021db   Thumb Code     8  tasks.o(.text)
    uxTaskGetTaskNumber                      0x000021e3   Thumb Code     8  tasks.o(.text)
    vTaskSetTaskNumber                       0x000021eb   Thumb Code     8  tasks.o(.text)
    xTaskGetCurrentTaskHandle                0x000021f3   Thumb Code     6  tasks.o(.text)
    xTaskGetSchedulerState                   0x000021f9   Thumb Code    26  tasks.o(.text)
    vTaskPriorityInherit                     0x00002213   Thumb Code    94  tasks.o(.text)
    xTaskPriorityDisinherit                  0x00002271   Thumb Code    94  tasks.o(.text)
    uxTaskResetEventItemValue                0x000022cf   Thumb Code    20  tasks.o(.text)
    pvTaskIncrementMutexHeldCount            0x000022e3   Thumb Code    20  tasks.o(.text)
    ulTaskNotifyTake                         0x000022f7   Thumb Code    90  tasks.o(.text)
    xTaskNotifyWait                          0x00002351   Thumb Code   116  tasks.o(.text)
    xTaskGenericNotify                       0x000023c5   Thumb Code   162  tasks.o(.text)
    xTaskGenericNotifyFromISR                0x00002467   Thumb Code   184  tasks.o(.text)
    vTaskNotifyGiveFromISR                   0x0000251f   Thumb Code   130  tasks.o(.text)
    xTaskNotifyStateClear                    0x000025a1   Thumb Code    42  tasks.o(.text)
    xTimerGenericCommand                     0x00002731   Thumb Code    76  timers.o(.text)
    xTimerCreateTimerTask                    0x000027e3   Thumb Code    46  timers.o(.text)
    xTimerCreate                             0x00002811   Thumb Code    66  timers.o(.text)
    xTimerGetTimerDaemonTaskHandle           0x00002853   Thumb Code    14  timers.o(.text)
    xTimerGetPeriod                          0x00002861   Thumb Code    12  timers.o(.text)
    xTimerGetExpiryTime                      0x0000286d   Thumb Code    12  timers.o(.text)
    pcTimerGetName                           0x00002879   Thumb Code    12  timers.o(.text)
    xTimerIsTimerActive                      0x00002885   Thumb Code    34  timers.o(.text)
    pvTimerGetTimerID                        0x000028a7   Thumb Code    24  timers.o(.text)
    vTimerSetTimerID                         0x000028bf   Thumb Code    24  timers.o(.text)
    pxPortInitialiseStack                    0x00002abf   Thumb Code    28  port.o(.text)
    SVCall_Handler                           0x00002adb   Thumb Code     2  port.o(.text)
    xPortStartScheduler                      0x00002add   Thumb Code    58  port.o(.text)
    vPortEndScheduler                        0x00002b17   Thumb Code    18  port.o(.text)
    vPortYield                               0x00002b29   Thumb Code    18  port.o(.text)
    vPortEnterCritical                       0x00002b3b   Thumb Code    20  port.o(.text)
    vPortExitCritical                        0x00002b4f   Thumb Code    22  port.o(.text)
    SysTick_Handler                          0x00002b65   Thumb Code    32  port.o(.text)
    pvPortMalloc                             0x00002be1   Thumb Code   172  heap_4.o(.text)
    vPortFree                                0x00002c8d   Thumb Code    64  heap_4.o(.text)
    xPortGetFreeHeapSize                     0x00002ccd   Thumb Code     8  heap_4.o(.text)
    xPortGetMinimumEverFreeHeapSize          0x00002cd5   Thumb Code     8  heap_4.o(.text)
    vPortInitialiseBlocks                    0x00002cdd   Thumb Code     2  heap_4.o(.text)
    __aeabi_uidiv                            0x00002d25   Thumb Code     0  uidiv.o(.text)
    __aeabi_uidivmod                         0x00002d25   Thumb Code    44  uidiv.o(.text)
    __aeabi_memcpy                           0x00002d51   Thumb Code    36  memcpya.o(.text)
    __aeabi_memcpy4                          0x00002d51   Thumb Code     0  memcpya.o(.text)
    __aeabi_memcpy8                          0x00002d51   Thumb Code     0  memcpya.o(.text)
    __aeabi_memset                           0x00002d75   Thumb Code    14  memseta.o(.text)
    __aeabi_memset4                          0x00002d75   Thumb Code     0  memseta.o(.text)
    __aeabi_memset8                          0x00002d75   Thumb Code     0  memseta.o(.text)
    __aeabi_memclr                           0x00002d83   Thumb Code     4  memseta.o(.text)
    __aeabi_memclr4                          0x00002d83   Thumb Code     0  memseta.o(.text)
    __aeabi_memclr8                          0x00002d83   Thumb Code     0  memseta.o(.text)
    _memset$wrapper                          0x00002d87   Thumb Code    18  memseta.o(.text)
    __aeabi_uldivmod                         0x00002d99   Thumb Code    96  uldiv.o(.text)
    __scatterload                            0x00002df9   Thumb Code    28  init.o(.text)
    __scatterload_rt2                        0x00002df9   Thumb Code     0  init.o(.text)
    __aeabi_llsl                             0x00002e1d   Thumb Code    32  llshl.o(.text)
    _ll_shift_l                              0x00002e1d   Thumb Code     0  llshl.o(.text)
    __aeabi_llsr                             0x00002e3d   Thumb Code    34  llushr.o(.text)
    _ll_ushift_r                             0x00002e3d   Thumb Code     0  llushr.o(.text)
    __0printf$8                              0x00002e61   Thumb Code    24  printf8.o(i.__0printf$8)
    __1printf$8                              0x00002e61   Thumb Code     0  printf8.o(i.__0printf$8)
    __2printf                                0x00002e61   Thumb Code     0  printf8.o(i.__0printf$8)
    __ARM_common_switch8                     0x00002e81   Thumb Code    26  tasks.o(i.__ARM_common_switch8)
    __scatterload_zeroinit                   0x00002e9b   Thumb Code    14  handlers.o(i.__scatterload_zeroinit)
    ASSERT_FAILED_STR                        0x0000331c   Data          35  assert.o(.constdata)
    Region$$Table$$Base                      0x00003390   Number         0  anon$$obj.o(Region$$Table)
    Region$$Table$$Limit                     0x000033b0   Number         0  anon$$obj.o(Region$$Table)
    global_pass_count                        0x1ffff000   Data           2  sysinit.o(.data)
    global_fail_count                        0x1ffff002   Data           2  sysinit.o(.data)
    UART_Callback                            0x1ffff004   Data           4  uart.o(.data)
    SystemCoreClock                          0x1ffff008   Data           4  freertos_ke06.o(.data)
    m_start_task_handle                      0x1ffff00c   Data           4  freertos_ke06.o(.data)
    m_led_task_handle                        0x1ffff010   Data           4  freertos_ke06.o(.data)
    pxCurrentTCB                             0x1ffff014   Data           4  tasks.o(.data)
    __stdout                                 0x1ffff080   Data           4  stdout.o(.data)
    xQueueRegistry                           0x1ffff084   Data          64  queue.o(.bss)
    __initial_sp                             0x20000d18   Data           0  startup_mke06z4.o(STACK)



==============================================================================

Memory Map of the image

  Image Entry point : 0x00000181

  Load Region LR_IROM1 (Base: 0x00000000, Size: 0x00003434, Max: 0x00020000, ABSOLUTE)

    Execution Region ER_IROM1 (Base: 0x00000000, Size: 0x000033b0, Max: 0x00020000, ABSOLUTE)

    Base Addr    Size         Type   Attr      Idx    E Section Name        Object

    0x00000000   0x000000c0   Data   RO          269    .ARM.__AT_0x00000000  vectors.o
    0x000000c0   0x000000c0   Data   RO          298    RESET               startup_mke06z4.o
    0x00000180   0x00000000   Code   RO          960  * .ARM.Collect$$$$00000000  mc_p.l(entry.o)
    0x00000180   0x00000004   Code   RO         1234    .ARM.Collect$$$$00000001  mc_p.l(entry2.o)
    0x00000184   0x00000004   Code   RO         1237    .ARM.Collect$$$$00000004  mc_p.l(entry5.o)
    0x00000188   0x00000000   Code   RO         1239    .ARM.Collect$$$$00000008  mc_p.l(entry7b.o)
    0x00000188   0x00000000   Code   RO         1241    .ARM.Collect$$$$0000000A  mc_p.l(entry8b.o)
    0x00000188   0x00000008   Code   RO         1242    .ARM.Collect$$$$0000000B  mc_p.l(entry9a.o)
    0x00000190   0x00000000   Code   RO         1244    .ARM.Collect$$$$0000000D  mc_p.l(entry10a.o)
    0x00000190   0x00000000   Code   RO         1246    .ARM.Collect$$$$0000000F  mc_p.l(entry11a.o)
    0x00000190   0x00000004   Code   RO         1235    .ARM.Collect$$$$00002712  mc_p.l(entry2.o)
    0x00000194   0x00000078   Code   RO          927    .emb_text           port.o
    0x0000020c   0x00000024   Code   RO           73    .text               assert.o
    0x00000230   0x00000030   Code   RO           96    .text               io.o
    0x00000260   0x00000016   Code   RO          186    .text               start.o
    0x00000276   0x00000006   Code   RO          268    .text               vectors.o
    0x0000027c   0x00000024   Code   RO          300    .text               startup_mke06z4.o
    0x000002a0   0x0000014c   Code   RO          358    .text               wdog.o
    0x000003ec   0x0000000e   Code   RO         1276    i.__scatterload_copy  mc_p.l(handlers.o)
    0x000003fa   0x00000002   Code   RO         1277    i.__scatterload_null  mc_p.l(handlers.o)
    0x000003fc   0x00000004   PAD
    0x00000400   0x00000010   Code   RO          299    .ARM.__at_0x400     startup_mke06z4.o
    0x00000410   0x00000318   Code   RO          209    .text               sysinit.o
    0x00000728   0x00000298   Code   RO          331    .text               uart.o
    0x000009c0   0x000000b0   Code   RO          378    .text               sim.o
    0x00000a70   0x00000464   Code   RO          427    .text               ics.o
    0x00000ed4   0x000000c8   Code   RO          761    .text               freertos_ke06.o
    0x00000f9c   0x00000088   Code   RO          857    .text               list.o
    0x00001024   0x000007dc   Code   RO          869    .text               queue.o
    0x00001800   0x00000efc   Code   RO          890    .text               tasks.o
    0x000026fc   0x000003b4   Code   RO          912    .text               timers.o
    0x00002ab0   0x000000e8   Code   RO          928    .text               port.o
    0x00002b98   0x0000018c   Code   RO          945    .text               heap_4.o
    0x00002d24   0x0000002c   Code   RO          963    .text               mc_p.l(uidiv.o)
    0x00002d50   0x00000024   Code   RO          965    .text               mc_p.l(memcpya.o)
    0x00002d74   0x00000024   Code   RO          967    .text               mc_p.l(memseta.o)
    0x00002d98   0x00000060   Code   RO         1249    .text               mc_p.l(uldiv.o)
    0x00002df8   0x00000024   Code   RO         1262    .text               mc_p.l(init.o)
    0x00002e1c   0x00000020   Code   RO         1264    .text               mc_p.l(llshl.o)
    0x00002e3c   0x00000022   Code   RO         1266    .text               mc_p.l(llushr.o)
    0x00002e5e   0x00000002   PAD
    0x00002e60   0x00000020   Code   RO         1178    i.__0printf$8       mc_p.l(printf8.o)
    0x00002e80   0x0000001a   Code   RO          903    i.__ARM_common_switch8  tasks.o
    0x00002e9a   0x0000000e   Code   RO         1278    i.__scatterload_zeroinit  mc_p.l(handlers.o)
    0x00002ea8   0x00000428   Code   RO         1185    i._printf_core      mc_p.l(printf8.o)
    0x000032d0   0x00000020   Code   RO         1186    i._printf_post_padding  mc_p.l(printf8.o)
    0x000032f0   0x0000002c   Code   RO         1187    i._printf_pre_padding  mc_p.l(printf8.o)
    0x0000331c   0x00000023   Data   RO           74    .constdata          assert.o
    0x0000333f   0x00000001   PAD
    0x00003340   0x0000004f   Data   RO          210    .conststring        sysinit.o
    0x0000338f   0x00000001   PAD
    0x00003390   0x00000020   Data   RO         1274    Region$$Table       anon$$obj.o


    Execution Region RW_IRAM1 (Base: 0x1ffff000, Size: 0x00001d18, Max: 0x00004000, ABSOLUTE)

    Base Addr    Size         Type   Attr      Idx    E Section Name        Object

    0x1ffff000   0x00000004   Data   RW          211    .data               sysinit.o
    0x1ffff004   0x00000004   Data   RW          332    .data               uart.o
    0x1ffff008   0x00000004   Data   RW          762    .data               freertos_ke06.o
    0x1ffff00c   0x00000008   Data   RW          763    .data               freertos_ke06.o
    0x1ffff014   0x0000003c   Data   RW          892    .data               tasks.o
    0x1ffff050   0x00000014   Data   RW          914    .data               timers.o
    0x1ffff064   0x00000004   Data   RW          929    .data               port.o
    0x1ffff068   0x00000018   Data   RW          947    .data               heap_4.o
    0x1ffff080   0x00000004   Data   RW         1248    .data               mc_p.l(stdout.o)
    0x1ffff084   0x00000040   Zero   RW          870    .bss                queue.o
    0x1ffff0c4   0x000000c8   Zero   RW          891    .bss                tasks.o
    0x1ffff18c   0x00000028   Zero   RW          913    .bss                timers.o
    0x1ffff1b4   0x00001964   Zero   RW          946    .bss                heap_4.o
    0x20000b18   0x00000200   Zero   RW          296    STACK               startup_mke06z4.o


==============================================================================

Image component sizes


      Code (inc. data)   RO Data    RW Data    ZI Data      Debug   Object Name

         0          0          0          0          0      83540   alloc.o
        36         10         35          0          0       1204   assert.o
         0          0          0          0          0       3900   event_groups.o
       200         86          0         12          0      10403   freertos_ke06.o
       396         12          0         24       6500       3412   heap_4.o
      1124         26          0          0          0       6671   ics.o
        48          4          0          0          0      10120   io.o
       136          0          0          0          0       1834   list.o
       352         30          0          4          0       3725   port.o
      2012          4          0          0         64      17288   queue.o
       176         10          0          0          0       1843   sim.o
        22          0          0          0          0        791   start.o
        52         24        192          0        512       1088   startup_mke06z4.o
       792        414         79          4          0       5772   sysinit.o
      3862         62          0         60        200      24064   tasks.o
       948         42          0         20         40       8127   timers.o
       664         58          0          4          0       7291   uart.o
         6          0        192          0          0       1554   vectors.o
       332         22          0          0          0       2097   wdog.o

    ----------------------------------------------------------------------
     11158        804        532        128       7316     194724   Object Totals
         0          0         32          0          0          0   (incl. Generated)
         0          0          2          0          0          0   (incl. Padding)

    ----------------------------------------------------------------------

      Code (inc. data)   RO Data    RW Data    ZI Data      Debug   Library Member Name

         0          0          0          0          0          0   entry.o
         0          0          0          0          0          0   entry10a.o
         0          0          0          0          0          0   entry11a.o
         8          4          0          0          0          0   entry2.o
         4          0          0          0          0          0   entry5.o
         0          0          0          0          0          0   entry7b.o
         0          0          0          0          0          0   entry8b.o
         8          4          0          0          0          0   entry9a.o
        30          0          0          0          0          0   handlers.o
        36          8          0          0          0         68   init.o
        32          0          0          0          0         68   llshl.o
        34          0          0          0          0         68   llushr.o
        36          0          0          0          0         60   memcpya.o
        36          0          0          0          0        100   memseta.o
      1172         52          0          0          0        324   printf8.o
         0          0          0          4          0          0   stdout.o
        44          0          0          0          0         72   uidiv.o
        96          0          0          0          0         84   uldiv.o

    ----------------------------------------------------------------------
      1542         68          0          4          0        844   Library Totals
         6          0          0          0          0          0   (incl. Padding)

    ----------------------------------------------------------------------

      Code (inc. data)   RO Data    RW Data    ZI Data      Debug   Library Name

      1536         68          0          4          0        844   mc_p.l

    ----------------------------------------------------------------------
      1542         68          0          4          0        844   Library Totals

    ----------------------------------------------------------------------

==============================================================================


      Code (inc. data)   RO Data    RW Data    ZI Data      Debug   

     12700        872        532        132       7316     193556   Grand Totals
     12700        872        532        132       7316     193556   ELF Image Totals
     12700        872        532        132          0          0   ROM Totals

==============================================================================

    Total RO  Size (Code + RO Data)                13232 (  12.92kB)
    Total RW  Size (RW Data + ZI Data)              7448 (   7.27kB)
    Total ROM Size (Code + RO Data + RW Data)      13364 (  13.05kB)

==============================================================================

