<html>
<body>
<pre>
<h1>µVision Build Log</h1>
<h2>Tool Versions:</h2>
IDE-Version: ¦ÌVision V5.17.0.0
Copyright (C) 2015 ARM Ltd and ARM Germany GmbH. All rights reserved.
License Information: a a a Flex license: MDK-ARM Standard: 15 user(s) (mdk_std) Support: Sep 2016
 
Tool Versions:
Toolchain:       MDK-ARM Standard: 15 user(s)  Version: 5.17
Toolchain Path:  D:\Software\keil\ARM\ARMCC\Bin
C Compiler:      Armcc.exe V5.06 update 1 (build 61)
Assembler:       Armasm.exe V5.06 update 1 (build 61)
Linker/Locator:  ArmLink.exe V5.06 update 1 (build 61)
Library Manager: ArmAr.exe V5.06 update 1 (build 61)
Hex Converter:   FromElf.exe V5.06 update 1 (build 61)
CPU DLL:         SARMCM3.DLL V5.17
Dialog DLL:      DARMCM1.DLL V1.12.0.0
Target DLL:      PEMicro\Pemicro_ArmCortexInterface.dll V1.11
Dialog DLL:      TARMCM1.DLL V1.9.0.0
 
<h2>Project:</h2>
C:\Users\huangjidong\Desktop\KE06_port_RTOS\kexx_drv_lib\build\keil\ke06\GPIO_demo\GPIO_demo.uvprojx
Project File Date:  12/09/2017

<h2>Output:</h2>
*** Using Compiler 'V5.06 update 1 (build 61)', folder: 'D:\Software\keil\ARM\ARMCC\Bin'
Build target 'KE06Z-Flash'
Clean started - Project: 'GPIO_demo'
   deleting intermediate output files for target 'KE06Z-Flash'
compiling alloc.c...
compiling assert.c...
compiling io.c...
compiling memtest.c...
compiling queue.c...
compiling stdlib.c...
compiling arm_cm0.c...
compiling start.c...
compiling sysinit.c...
compiling systick.c...
compiling vectors.c...
assembling startup_MKE06Z4.s...
compiling gpio.c...
..\..\..\..\src\drivers\gpio\gpio.h(169): warning:  #61-D: integer operation result is out of range
      GPIO_PTD7_MASK = (1<<31),   /*!< GPIO Pin PTD7 bit mask */
..\..\..\..\src\drivers\gpio\gpio.h(202): warning:  #61-D: integer operation result is out of range
      GPIO_PTH7_MASK = (1<<31),   /*!< GPIO Pin PTH7 bit mask */
..\..\..\..\src\drivers\gpio\gpio.c: 2 warnings, 0 errors
compiling uart.c...
compiling wdog.c...
compiling sim.c...
compiling rtc.c...
compiling ics.c...
compiling acmp.c...
compiling adc.c...
compiling mscan.c...
compiling crc.c...
compiling ftm.c...
compiling i2c.c...
compiling kbi.c...
compiling flash.c...
compiling pit.c...
compiling pmc.c...
compiling pwt.c...
compiling spi.c...
compiling GPIO_demo.c...
..\..\..\..\src\drivers\gpio\gpio.h(169): warning:  #61-D: integer operation result is out of range
      GPIO_PTD7_MASK = (1<<31),   /*!< GPIO Pin PTD7 bit mask */
..\..\..\..\src\drivers\gpio\gpio.h(202): warning:  #61-D: integer operation result is out of range
      GPIO_PTH7_MASK = (1<<31),   /*!< GPIO Pin PTH7 bit mask */
..\..\..\..\src\projects\KE06\GPIO_demo\GPIO_demo.c: 2 warnings, 0 errors
linking...
Program Size: Code=6180 RO-data=532 RW-data=16 ZI-data=512  
".\output\GPIO_demo_Flash.axf" - 0 Error(s), 4 Warning(s).

*** Performing Cross-Module-Optimization:
compiling alloc.c...
compiling assert.c...
compiling io.c...
compiling memtest.c...
compiling queue.c...
compiling stdlib.c...
compiling arm_cm0.c...
compiling start.c...
compiling sysinit.c...
compiling systick.c...
compiling vectors.c...
compiling gpio.c...
..\..\..\..\src\drivers\gpio\gpio.h(169): warning:  #61-D: integer operation result is out of range
      GPIO_PTD7_MASK = (1<<31),   /*!< GPIO Pin PTD7 bit mask */
..\..\..\..\src\drivers\gpio\gpio.h(202): warning:  #61-D: integer operation result is out of range
      GPIO_PTH7_MASK = (1<<31),   /*!< GPIO Pin PTH7 bit mask */
..\..\..\..\src\drivers\gpio\gpio.c: 2 warnings, 0 errors
compiling uart.c...
compiling wdog.c...
compiling sim.c...
compiling rtc.c...
compiling ics.c...
compiling acmp.c...
compiling adc.c...
compiling mscan.c...
compiling crc.c...
compiling ftm.c...
compiling i2c.c...
compiling kbi.c...
compiling flash.c...
compiling pit.c...
compiling pmc.c...
compiling pwt.c...
compiling spi.c...
compiling GPIO_demo.c...
..\..\..\..\src\drivers\gpio\gpio.h(169): warning:  #61-D: integer operation result is out of range
      GPIO_PTD7_MASK = (1<<31),   /*!< GPIO Pin PTD7 bit mask */
..\..\..\..\src\drivers\gpio\gpio.h(202): warning:  #61-D: integer operation result is out of range
      GPIO_PTH7_MASK = (1<<31),   /*!< GPIO Pin PTH7 bit mask */
..\..\..\..\src\projects\KE06\GPIO_demo\GPIO_demo.c: 2 warnings, 0 errors
linking...
Program Size: Code=3676 RO-data=532 RW-data=12 ZI-data=516  
compiling alloc.c...
compiling assert.c...
compiling io.c...
compiling memtest.c...
compiling queue.c...
compiling stdlib.c...
compiling arm_cm0.c...
compiling start.c...
compiling sysinit.c...
compiling systick.c...
compiling vectors.c...
compiling gpio.c...
..\..\..\..\src\drivers\gpio\gpio.h(169): warning:  #61-D: integer operation result is out of range
      GPIO_PTD7_MASK = (1<<31),   /*!< GPIO Pin PTD7 bit mask */
..\..\..\..\src\drivers\gpio\gpio.h(202): warning:  #61-D: integer operation result is out of range
      GPIO_PTH7_MASK = (1<<31),   /*!< GPIO Pin PTH7 bit mask */
..\..\..\..\src\drivers\gpio\gpio.c: 2 warnings, 0 errors
compiling uart.c...
compiling wdog.c...
compiling sim.c...
compiling rtc.c...
compiling ics.c...
compiling acmp.c...
compiling adc.c...
compiling mscan.c...
compiling crc.c...
compiling ftm.c...
compiling i2c.c...
compiling kbi.c...
compiling flash.c...
compiling pit.c...
compiling pmc.c...
compiling pwt.c...
compiling spi.c...
compiling GPIO_demo.c...
..\..\..\..\src\drivers\gpio\gpio.h(169): warning:  #61-D: integer operation result is out of range
      GPIO_PTD7_MASK = (1<<31),   /*!< GPIO Pin PTD7 bit mask */
..\..\..\..\src\drivers\gpio\gpio.h(202): warning:  #61-D: integer operation result is out of range
      GPIO_PTH7_MASK = (1<<31),   /*!< GPIO Pin PTH7 bit mask */
..\..\..\..\src\projects\KE06\GPIO_demo\GPIO_demo.c: 2 warnings, 0 errors
linking...
Program Size: Code=3676 RO-data=532 RW-data=12 ZI-data=516  
".\output\GPIO_demo_Flash.axf" - 0 Error(s), 4 Warning(s).
*** Completed Cross-Module-Optimization after 3 iteration(s).

<h2>Collection of Component include folders:</h2>
  C:\Users\huangjidong\Desktop\KE06_port_RTOS\kexx_drv_lib\build\keil\ke06\GPIO_demo\RTE
  D:\Software\keil\Keil\Kinetis_KExx_DFP\1.7.0\Device\Include

<h2>Collection of Component Files used:</h2>
Build Time Elapsed:  00:00:28
</pre>
</body>
</html>
