<!doctype html public "-//w3c//dtd html 4.0 transitional//en">
<html><head>
<title>Static Call Graph - [.\output\GPIO_demo_Flash.axf]</title></head>
<body><HR>
<H1>Static Call Graph for image .\output\GPIO_demo_Flash.axf</H1><HR>
<BR><P>#&#060CALLGRAPH&#062# ARM Linker, 5060061: Last Updated: Sat Dec 09 14:51:02 2017
<BR><P>
<H3>Maximum Stack Usage =        112 bytes + Unknown(Cycles, Untraceable Function Pointers)</H3><H3>
Call chain for Maximum Stack Depth:</H3>
main &rArr; sysinit &rArr; UART_InitPrint &rArr; UART_Init &rArr; assert_failed &rArr; __2printf
<P>
<H3>
Mutually Recursive functions
</H3> <LI><a href="#[31]">UART_PutChar</a>&nbsp;&nbsp;&nbsp;&rArr;&nbsp;&nbsp;&nbsp;<a href="#[31]">UART_PutChar</a><BR>
 <LI><a href="#[3]">NMI_Handler</a>&nbsp;&nbsp;&nbsp;&rArr;&nbsp;&nbsp;&nbsp;<a href="#[3]">NMI_Handler</a><BR>
 <LI><a href="#[4]">SVC_Handler</a>&nbsp;&nbsp;&nbsp;&rArr;&nbsp;&nbsp;&nbsp;<a href="#[4]">SVC_Handler</a><BR>
 <LI><a href="#[5]">PendSV_Handler</a>&nbsp;&nbsp;&nbsp;&rArr;&nbsp;&nbsp;&nbsp;<a href="#[5]">PendSV_Handler</a><BR>
 <LI><a href="#[6]">SysTick_Handler</a>&nbsp;&nbsp;&nbsp;&rArr;&nbsp;&nbsp;&nbsp;<a href="#[6]">SysTick_Handler</a><BR>
 <LI><a href="#[17]">ACMP0_IRQHandler</a>&nbsp;&nbsp;&nbsp;&rArr;&nbsp;&nbsp;&nbsp;<a href="#[17]">ACMP0_IRQHandler</a><BR>
</UL>
<P>
<H3>
Function Pointers
</H3><UL>
 <LI><a href="#[17]">ACMP0_IRQHandler</a> from startup_mke06z4.o(.text) referenced from startup_mke06z4.o(RESET)
 <LI><a href="#[1c]">ACMP1_IRQHandler</a> from startup_mke06z4.o(.text) referenced from startup_mke06z4.o(RESET)
 <LI><a href="#[16]">ADC0_IRQHandler</a> from startup_mke06z4.o(.text) referenced from startup_mke06z4.o(RESET)
 <LI><a href="#[18]">FTM0_IRQHandler</a> from startup_mke06z4.o(.text) referenced from startup_mke06z4.o(RESET)
 <LI><a href="#[19]">FTM1_IRQHandler</a> from startup_mke06z4.o(.text) referenced from startup_mke06z4.o(RESET)
 <LI><a href="#[1a]">FTM2_IRQHandler</a> from startup_mke06z4.o(.text) referenced from startup_mke06z4.o(RESET)
 <LI><a href="#[c]">FTMRE_IRQHandler</a> from startup_mke06z4.o(.text) referenced from startup_mke06z4.o(RESET)
 <LI><a href="#[f]">I2C0_IRQHandler</a> from startup_mke06z4.o(.text) referenced from startup_mke06z4.o(RESET)
 <LI><a href="#[10]">I2C1_IRQHandler</a> from startup_mke06z4.o(.text) referenced from startup_mke06z4.o(RESET)
 <LI><a href="#[22]">ICS_IRQHandler</a> from startup_mke06z4.o(.text) referenced from startup_mke06z4.o(RESET)
 <LI><a href="#[e]">IRQ_IRQHandler</a> from startup_mke06z4.o(.text) referenced from startup_mke06z4.o(RESET)
 <LI><a href="#[1f]">KBI0_IRQHandler</a> from startup_mke06z4.o(.text) referenced from startup_mke06z4.o(RESET)
 <LI><a href="#[20]">KBI1_IRQHandler</a> from startup_mke06z4.o(.text) referenced from startup_mke06z4.o(RESET)
 <LI><a href="#[d]">LVD_LVW_IRQHandler</a> from startup_mke06z4.o(.text) referenced from startup_mke06z4.o(RESET)
 <LI><a href="#[25]">MSCAN_RX_IRQHandler</a> from startup_mke06z4.o(.text) referenced from startup_mke06z4.o(RESET)
 <LI><a href="#[26]">MSCAN_TX_IRQHandler</a> from startup_mke06z4.o(.text) referenced from startup_mke06z4.o(RESET)
 <LI><a href="#[3]">NMI_Handler</a> from startup_mke06z4.o(.text) referenced from startup_mke06z4.o(RESET)
 <LI><a href="#[1d]">PIT_CH0_IRQHandler</a> from startup_mke06z4.o(.text) referenced from startup_mke06z4.o(RESET)
 <LI><a href="#[1e]">PIT_CH1_IRQHandler</a> from startup_mke06z4.o(.text) referenced from startup_mke06z4.o(RESET)
 <LI><a href="#[24]">PWT_IRQHandler</a> from startup_mke06z4.o(.text) referenced from startup_mke06z4.o(RESET)
 <LI><a href="#[5]">PendSV_Handler</a> from startup_mke06z4.o(.text) referenced from startup_mke06z4.o(RESET)
 <LI><a href="#[1b]">RTC_IRQHandler</a> from startup_mke06z4.o(.text) referenced from startup_mke06z4.o(RESET)
 <LI><a href="#[2]">RTC_Isr</a> from rtc.o(.text) referenced from vectors.o(.ARM.__AT_0x00000000)
 <LI><a href="#[2a]">RTC_Task</a> from gpio_demo.o(.text) referenced from gpio_demo.o(.text)
 <LI><a href="#[7]">Reserved16_IRQHandler</a> from startup_mke06z4.o(.text) referenced from startup_mke06z4.o(RESET)
 <LI><a href="#[8]">Reserved17_IRQHandler</a> from startup_mke06z4.o(.text) referenced from startup_mke06z4.o(RESET)
 <LI><a href="#[9]">Reserved18_IRQHandler</a> from startup_mke06z4.o(.text) referenced from startup_mke06z4.o(RESET)
 <LI><a href="#[a]">Reserved19_IRQHandler</a> from startup_mke06z4.o(.text) referenced from startup_mke06z4.o(RESET)
 <LI><a href="#[b]">Reserved20_IRQHandler</a> from startup_mke06z4.o(.text) referenced from startup_mke06z4.o(RESET)
 <LI><a href="#[21]">Reserved42_IRQHandler</a> from startup_mke06z4.o(.text) referenced from startup_mke06z4.o(RESET)
 <LI><a href="#[0]">Reset_Handler</a> from startup_mke06z4.o(.text) referenced from vectors.o(.ARM.__AT_0x00000000)
 <LI><a href="#[0]">Reset_Handler</a> from startup_mke06z4.o(.text) referenced from startup_mke06z4.o(RESET)
 <LI><a href="#[11]">SPI0_IRQHandler</a> from startup_mke06z4.o(.text) referenced from startup_mke06z4.o(RESET)
 <LI><a href="#[12]">SPI1_IRQHandler</a> from startup_mke06z4.o(.text) referenced from startup_mke06z4.o(RESET)
 <LI><a href="#[4]">SVC_Handler</a> from startup_mke06z4.o(.text) referenced from startup_mke06z4.o(RESET)
 <LI><a href="#[6]">SysTick_Handler</a> from startup_mke06z4.o(.text) referenced from startup_mke06z4.o(RESET)
 <LI><a href="#[28]">SystemInit</a> from start.o(.text) referenced from startup_mke06z4.o(.text)
 <LI><a href="#[13]">UART0_IRQHandler</a> from startup_mke06z4.o(.text) referenced from startup_mke06z4.o(RESET)
 <LI><a href="#[14]">UART1_IRQHandler</a> from startup_mke06z4.o(.text) referenced from startup_mke06z4.o(RESET)
 <LI><a href="#[15]">UART2_IRQHandler</a> from startup_mke06z4.o(.text) referenced from startup_mke06z4.o(RESET)
 <LI><a href="#[23]">Watchdog_IRQHandler</a> from startup_mke06z4.o(.text) referenced from startup_mke06z4.o(RESET)
 <LI><a href="#[29]">__main</a> from entry.o(.ARM.Collect$$$$00000000) referenced from startup_mke06z4.o(.text)
 <LI><a href="#[1]">default_isr</a> from vectors.o(.text) referenced 45 times from vectors.o(.ARM.__AT_0x00000000)
 <LI><a href="#[2b]">fputc</a> from io.o(.text) referenced from printf8.o(i.__0printf$8)
 <LI><a href="#[27]">main</a> from gpio_demo.o(.text) referenced from entry9a.o(.ARM.Collect$$$$0000000B)
</UL>
<P>
<H3>
Global Symbols
</H3>
<P><STRONG><a name="[29]"></a>__main</STRONG> (Thumb, 0 bytes, Stack size unknown bytes, entry.o(.ARM.Collect$$$$00000000))
<BR>[Address Reference Count : 1]<UL><LI> startup_mke06z4.o(.text)
</UL>
<P><STRONG><a name="[59]"></a>_main_stk</STRONG> (Thumb, 0 bytes, Stack size unknown bytes, entry2.o(.ARM.Collect$$$$00000001))

<P><STRONG><a name="[2c]"></a>_main_scatterload</STRONG> (Thumb, 0 bytes, Stack size unknown bytes, entry5.o(.ARM.Collect$$$$00000004))
<BR><BR>[Calls]<UL><LI><a href="#[2d]">&gt;&gt;</a>&nbsp;&nbsp;&nbsp;__scatterload
</UL>

<P><STRONG><a name="[3d]"></a>__main_after_scatterload</STRONG> (Thumb, 0 bytes, Stack size unknown bytes, entry5.o(.ARM.Collect$$$$00000004))
<BR><BR>[Called By]<UL><LI><a href="#[2d]">&gt;&gt;</a>&nbsp;&nbsp;&nbsp;__scatterload
</UL>

<P><STRONG><a name="[5a]"></a>_main_clock</STRONG> (Thumb, 0 bytes, Stack size unknown bytes, entry7b.o(.ARM.Collect$$$$00000008))

<P><STRONG><a name="[5b]"></a>_main_cpp_init</STRONG> (Thumb, 0 bytes, Stack size unknown bytes, entry8b.o(.ARM.Collect$$$$0000000A))

<P><STRONG><a name="[5c]"></a>_main_init</STRONG> (Thumb, 0 bytes, Stack size unknown bytes, entry9a.o(.ARM.Collect$$$$0000000B))

<P><STRONG><a name="[5d]"></a>__rt_final_cpp</STRONG> (Thumb, 0 bytes, Stack size unknown bytes, entry10a.o(.ARM.Collect$$$$0000000D))

<P><STRONG><a name="[5e]"></a>__rt_final_exit</STRONG> (Thumb, 0 bytes, Stack size unknown bytes, entry11a.o(.ARM.Collect$$$$0000000F))

<P><STRONG><a name="[2e]"></a>assert_failed</STRONG> (Thumb, 26 bytes, Stack size 0 bytes, assert.o(.text))
<BR><BR>[Stack]<UL><LI>Max Depth = 24<LI>Call Chain = assert_failed &rArr; __2printf
</UL>
<BR>[Calls]<UL><LI><a href="#[2f]">&gt;&gt;</a>&nbsp;&nbsp;&nbsp;__2printf
</UL>
<BR>[Called By]<UL><LI><a href="#[39]">&gt;&gt;</a>&nbsp;&nbsp;&nbsp;GPIO_Toggle
<LI><a href="#[38]">&gt;&gt;</a>&nbsp;&nbsp;&nbsp;GPIO_Init
<LI><a href="#[42]">&gt;&gt;</a>&nbsp;&nbsp;&nbsp;UART_Init
</UL>

<P><STRONG><a name="[30]"></a>out_char</STRONG> (Thumb, 12 bytes, Stack size 8 bytes, io.o(.text))
<BR><BR>[Stack]<UL><LI>Max Depth = 8<LI>Call Chain = out_char
</UL>
<BR>[Calls]<UL><LI><a href="#[31]">&gt;&gt;</a>&nbsp;&nbsp;&nbsp;UART_PutChar
</UL>
<BR>[Called By]<UL><LI><a href="#[2b]">&gt;&gt;</a>&nbsp;&nbsp;&nbsp;fputc
</UL>

<P><STRONG><a name="[2b]"></a>fputc</STRONG> (Thumb, 12 bytes, Stack size 8 bytes, io.o(.text))
<BR><BR>[Stack]<UL><LI>Max Depth = 16<LI>Call Chain = fputc &rArr; out_char
</UL>
<BR>[Calls]<UL><LI><a href="#[30]">&gt;&gt;</a>&nbsp;&nbsp;&nbsp;out_char
</UL>
<BR>[Address Reference Count : 1]<UL><LI> printf8.o(i.__0printf$8)
</UL>
<P><STRONG><a name="[50]"></a>cpu_identify</STRONG> (Thumb, 2 bytes, Stack size 0 bytes, start.o(.text))
<BR><BR>[Called By]<UL><LI><a href="#[27]">&gt;&gt;</a>&nbsp;&nbsp;&nbsp;main
</UL>

<P><STRONG><a name="[28]"></a>SystemInit</STRONG> (Thumb, 8 bytes, Stack size 8 bytes, start.o(.text))
<BR><BR>[Stack]<UL><LI>Max Depth = 20<LI>Call Chain = SystemInit &rArr; WDOG_Disable
</UL>
<BR>[Calls]<UL><LI><a href="#[32]">&gt;&gt;</a>&nbsp;&nbsp;&nbsp;WDOG_Disable
</UL>
<BR>[Address Reference Count : 1]<UL><LI> startup_mke06z4.o(.text)
</UL>
<P><STRONG><a name="[1]"></a>default_isr</STRONG> (Thumb, 2 bytes, Stack size 0 bytes, vectors.o(.text))
<BR>[Address Reference Count : 1]<UL><LI> vectors.o(.ARM.__AT_0x00000000)
</UL>
<P><STRONG><a name="[0]"></a>Reset_Handler</STRONG> (Thumb, 8 bytes, Stack size 0 bytes, startup_mke06z4.o(.text))
<BR>[Address Reference Count : 2]<UL><LI> vectors.o(.ARM.__AT_0x00000000)
<LI> startup_mke06z4.o(RESET)
</UL>
<P><STRONG><a name="[3]"></a>NMI_Handler</STRONG> (Thumb, 2 bytes, Stack size 0 bytes, startup_mke06z4.o(.text))
<BR><BR>[Calls]<UL><LI><a href="#[3]">&gt;&gt;</a>&nbsp;&nbsp;&nbsp;NMI_Handler
</UL>
<BR>[Called By]<UL><LI><a href="#[3]">&gt;&gt;</a>&nbsp;&nbsp;&nbsp;NMI_Handler
</UL>
<BR>[Address Reference Count : 1]<UL><LI> startup_mke06z4.o(RESET)
</UL>
<P><STRONG><a name="[33]"></a>HardFault_Handler</STRONG> (Thumb, 2 bytes, Stack size 0 bytes, startup_mke06z4.o(.text), UNUSED)
<BR><BR>[Calls]<UL><LI><a href="#[33]">&gt;&gt;</a>&nbsp;&nbsp;&nbsp;HardFault_Handler
</UL>
<BR>[Called By]<UL><LI><a href="#[33]">&gt;&gt;</a>&nbsp;&nbsp;&nbsp;HardFault_Handler
</UL>

<P><STRONG><a name="[34]"></a>MemManage_Handler</STRONG> (Thumb, 2 bytes, Stack size 0 bytes, startup_mke06z4.o(.text), UNUSED)
<BR><BR>[Calls]<UL><LI><a href="#[34]">&gt;&gt;</a>&nbsp;&nbsp;&nbsp;MemManage_Handler
</UL>
<BR>[Called By]<UL><LI><a href="#[34]">&gt;&gt;</a>&nbsp;&nbsp;&nbsp;MemManage_Handler
</UL>

<P><STRONG><a name="[35]"></a>BusFault_Handler</STRONG> (Thumb, 2 bytes, Stack size 0 bytes, startup_mke06z4.o(.text), UNUSED)
<BR><BR>[Calls]<UL><LI><a href="#[35]">&gt;&gt;</a>&nbsp;&nbsp;&nbsp;BusFault_Handler
</UL>
<BR>[Called By]<UL><LI><a href="#[35]">&gt;&gt;</a>&nbsp;&nbsp;&nbsp;BusFault_Handler
</UL>

<P><STRONG><a name="[36]"></a>UsageFault_Handler</STRONG> (Thumb, 2 bytes, Stack size 0 bytes, startup_mke06z4.o(.text), UNUSED)
<BR><BR>[Calls]<UL><LI><a href="#[36]">&gt;&gt;</a>&nbsp;&nbsp;&nbsp;UsageFault_Handler
</UL>
<BR>[Called By]<UL><LI><a href="#[36]">&gt;&gt;</a>&nbsp;&nbsp;&nbsp;UsageFault_Handler
</UL>

<P><STRONG><a name="[4]"></a>SVC_Handler</STRONG> (Thumb, 2 bytes, Stack size 0 bytes, startup_mke06z4.o(.text))
<BR><BR>[Calls]<UL><LI><a href="#[4]">&gt;&gt;</a>&nbsp;&nbsp;&nbsp;SVC_Handler
</UL>
<BR>[Called By]<UL><LI><a href="#[4]">&gt;&gt;</a>&nbsp;&nbsp;&nbsp;SVC_Handler
</UL>
<BR>[Address Reference Count : 1]<UL><LI> startup_mke06z4.o(RESET)
</UL>
<P><STRONG><a name="[37]"></a>DebugMon_Handler</STRONG> (Thumb, 2 bytes, Stack size 0 bytes, startup_mke06z4.o(.text), UNUSED)
<BR><BR>[Calls]<UL><LI><a href="#[37]">&gt;&gt;</a>&nbsp;&nbsp;&nbsp;DebugMon_Handler
</UL>
<BR>[Called By]<UL><LI><a href="#[37]">&gt;&gt;</a>&nbsp;&nbsp;&nbsp;DebugMon_Handler
</UL>

<P><STRONG><a name="[5]"></a>PendSV_Handler</STRONG> (Thumb, 2 bytes, Stack size 0 bytes, startup_mke06z4.o(.text))
<BR><BR>[Calls]<UL><LI><a href="#[5]">&gt;&gt;</a>&nbsp;&nbsp;&nbsp;PendSV_Handler
</UL>
<BR>[Called By]<UL><LI><a href="#[5]">&gt;&gt;</a>&nbsp;&nbsp;&nbsp;PendSV_Handler
</UL>
<BR>[Address Reference Count : 1]<UL><LI> startup_mke06z4.o(RESET)
</UL>
<P><STRONG><a name="[6]"></a>SysTick_Handler</STRONG> (Thumb, 2 bytes, Stack size 0 bytes, startup_mke06z4.o(.text))
<BR><BR>[Calls]<UL><LI><a href="#[6]">&gt;&gt;</a>&nbsp;&nbsp;&nbsp;SysTick_Handler
</UL>
<BR>[Called By]<UL><LI><a href="#[6]">&gt;&gt;</a>&nbsp;&nbsp;&nbsp;SysTick_Handler
</UL>
<BR>[Address Reference Count : 1]<UL><LI> startup_mke06z4.o(RESET)
</UL>
<P><STRONG><a name="[17]"></a>ACMP0_IRQHandler</STRONG> (Thumb, 0 bytes, Stack size 0 bytes, startup_mke06z4.o(.text))
<BR><BR>[Calls]<UL><LI><a href="#[17]">&gt;&gt;</a>&nbsp;&nbsp;&nbsp;ACMP0_IRQHandler
</UL>
<BR>[Called By]<UL><LI><a href="#[17]">&gt;&gt;</a>&nbsp;&nbsp;&nbsp;ACMP0_IRQHandler
</UL>
<BR>[Address Reference Count : 1]<UL><LI> startup_mke06z4.o(RESET)
</UL>
<P><STRONG><a name="[1c]"></a>ACMP1_IRQHandler</STRONG> (Thumb, 0 bytes, Stack size 0 bytes, startup_mke06z4.o(.text))
<BR>[Address Reference Count : 1]<UL><LI> startup_mke06z4.o(RESET)
</UL>
<P><STRONG><a name="[16]"></a>ADC0_IRQHandler</STRONG> (Thumb, 0 bytes, Stack size 0 bytes, startup_mke06z4.o(.text))
<BR>[Address Reference Count : 1]<UL><LI> startup_mke06z4.o(RESET)
</UL>
<P><STRONG><a name="[5f]"></a>DefaultISR</STRONG> (Thumb, 0 bytes, Stack size 0 bytes, startup_mke06z4.o(.text), UNUSED)

<P><STRONG><a name="[18]"></a>FTM0_IRQHandler</STRONG> (Thumb, 0 bytes, Stack size 0 bytes, startup_mke06z4.o(.text))
<BR>[Address Reference Count : 1]<UL><LI> startup_mke06z4.o(RESET)
</UL>
<P><STRONG><a name="[19]"></a>FTM1_IRQHandler</STRONG> (Thumb, 0 bytes, Stack size 0 bytes, startup_mke06z4.o(.text))
<BR>[Address Reference Count : 1]<UL><LI> startup_mke06z4.o(RESET)
</UL>
<P><STRONG><a name="[1a]"></a>FTM2_IRQHandler</STRONG> (Thumb, 0 bytes, Stack size 0 bytes, startup_mke06z4.o(.text))
<BR>[Address Reference Count : 1]<UL><LI> startup_mke06z4.o(RESET)
</UL>
<P><STRONG><a name="[c]"></a>FTMRE_IRQHandler</STRONG> (Thumb, 0 bytes, Stack size 0 bytes, startup_mke06z4.o(.text))
<BR>[Address Reference Count : 1]<UL><LI> startup_mke06z4.o(RESET)
</UL>
<P><STRONG><a name="[f]"></a>I2C0_IRQHandler</STRONG> (Thumb, 0 bytes, Stack size 0 bytes, startup_mke06z4.o(.text))
<BR>[Address Reference Count : 1]<UL><LI> startup_mke06z4.o(RESET)
</UL>
<P><STRONG><a name="[10]"></a>I2C1_IRQHandler</STRONG> (Thumb, 0 bytes, Stack size 0 bytes, startup_mke06z4.o(.text))
<BR>[Address Reference Count : 1]<UL><LI> startup_mke06z4.o(RESET)
</UL>
<P><STRONG><a name="[22]"></a>ICS_IRQHandler</STRONG> (Thumb, 0 bytes, Stack size 0 bytes, startup_mke06z4.o(.text))
<BR>[Address Reference Count : 1]<UL><LI> startup_mke06z4.o(RESET)
</UL>
<P><STRONG><a name="[e]"></a>IRQ_IRQHandler</STRONG> (Thumb, 0 bytes, Stack size 0 bytes, startup_mke06z4.o(.text))
<BR>[Address Reference Count : 1]<UL><LI> startup_mke06z4.o(RESET)
</UL>
<P><STRONG><a name="[1f]"></a>KBI0_IRQHandler</STRONG> (Thumb, 0 bytes, Stack size 0 bytes, startup_mke06z4.o(.text))
<BR>[Address Reference Count : 1]<UL><LI> startup_mke06z4.o(RESET)
</UL>
<P><STRONG><a name="[20]"></a>KBI1_IRQHandler</STRONG> (Thumb, 0 bytes, Stack size 0 bytes, startup_mke06z4.o(.text))
<BR>[Address Reference Count : 1]<UL><LI> startup_mke06z4.o(RESET)
</UL>
<P><STRONG><a name="[d]"></a>LVD_LVW_IRQHandler</STRONG> (Thumb, 0 bytes, Stack size 0 bytes, startup_mke06z4.o(.text))
<BR>[Address Reference Count : 1]<UL><LI> startup_mke06z4.o(RESET)
</UL>
<P><STRONG><a name="[25]"></a>MSCAN_RX_IRQHandler</STRONG> (Thumb, 0 bytes, Stack size 0 bytes, startup_mke06z4.o(.text))
<BR>[Address Reference Count : 1]<UL><LI> startup_mke06z4.o(RESET)
</UL>
<P><STRONG><a name="[26]"></a>MSCAN_TX_IRQHandler</STRONG> (Thumb, 0 bytes, Stack size 0 bytes, startup_mke06z4.o(.text))
<BR>[Address Reference Count : 1]<UL><LI> startup_mke06z4.o(RESET)
</UL>
<P><STRONG><a name="[1d]"></a>PIT_CH0_IRQHandler</STRONG> (Thumb, 0 bytes, Stack size 0 bytes, startup_mke06z4.o(.text))
<BR>[Address Reference Count : 1]<UL><LI> startup_mke06z4.o(RESET)
</UL>
<P><STRONG><a name="[1e]"></a>PIT_CH1_IRQHandler</STRONG> (Thumb, 0 bytes, Stack size 0 bytes, startup_mke06z4.o(.text))
<BR>[Address Reference Count : 1]<UL><LI> startup_mke06z4.o(RESET)
</UL>
<P><STRONG><a name="[24]"></a>PWT_IRQHandler</STRONG> (Thumb, 0 bytes, Stack size 0 bytes, startup_mke06z4.o(.text))
<BR>[Address Reference Count : 1]<UL><LI> startup_mke06z4.o(RESET)
</UL>
<P><STRONG><a name="[1b]"></a>RTC_IRQHandler</STRONG> (Thumb, 0 bytes, Stack size 0 bytes, startup_mke06z4.o(.text))
<BR>[Address Reference Count : 1]<UL><LI> startup_mke06z4.o(RESET)
</UL>
<P><STRONG><a name="[7]"></a>Reserved16_IRQHandler</STRONG> (Thumb, 0 bytes, Stack size 0 bytes, startup_mke06z4.o(.text))
<BR>[Address Reference Count : 1]<UL><LI> startup_mke06z4.o(RESET)
</UL>
<P><STRONG><a name="[8]"></a>Reserved17_IRQHandler</STRONG> (Thumb, 0 bytes, Stack size 0 bytes, startup_mke06z4.o(.text))
<BR>[Address Reference Count : 1]<UL><LI> startup_mke06z4.o(RESET)
</UL>
<P><STRONG><a name="[9]"></a>Reserved18_IRQHandler</STRONG> (Thumb, 0 bytes, Stack size 0 bytes, startup_mke06z4.o(.text))
<BR>[Address Reference Count : 1]<UL><LI> startup_mke06z4.o(RESET)
</UL>
<P><STRONG><a name="[a]"></a>Reserved19_IRQHandler</STRONG> (Thumb, 0 bytes, Stack size 0 bytes, startup_mke06z4.o(.text))
<BR>[Address Reference Count : 1]<UL><LI> startup_mke06z4.o(RESET)
</UL>
<P><STRONG><a name="[b]"></a>Reserved20_IRQHandler</STRONG> (Thumb, 0 bytes, Stack size 0 bytes, startup_mke06z4.o(.text))
<BR>[Address Reference Count : 1]<UL><LI> startup_mke06z4.o(RESET)
</UL>
<P><STRONG><a name="[21]"></a>Reserved42_IRQHandler</STRONG> (Thumb, 0 bytes, Stack size 0 bytes, startup_mke06z4.o(.text))
<BR>[Address Reference Count : 1]<UL><LI> startup_mke06z4.o(RESET)
</UL>
<P><STRONG><a name="[11]"></a>SPI0_IRQHandler</STRONG> (Thumb, 0 bytes, Stack size 0 bytes, startup_mke06z4.o(.text))
<BR>[Address Reference Count : 1]<UL><LI> startup_mke06z4.o(RESET)
</UL>
<P><STRONG><a name="[12]"></a>SPI1_IRQHandler</STRONG> (Thumb, 0 bytes, Stack size 0 bytes, startup_mke06z4.o(.text))
<BR>[Address Reference Count : 1]<UL><LI> startup_mke06z4.o(RESET)
</UL>
<P><STRONG><a name="[13]"></a>UART0_IRQHandler</STRONG> (Thumb, 0 bytes, Stack size 0 bytes, startup_mke06z4.o(.text))
<BR>[Address Reference Count : 1]<UL><LI> startup_mke06z4.o(RESET)
</UL>
<P><STRONG><a name="[14]"></a>UART1_IRQHandler</STRONG> (Thumb, 0 bytes, Stack size 0 bytes, startup_mke06z4.o(.text))
<BR>[Address Reference Count : 1]<UL><LI> startup_mke06z4.o(RESET)
</UL>
<P><STRONG><a name="[15]"></a>UART2_IRQHandler</STRONG> (Thumb, 0 bytes, Stack size 0 bytes, startup_mke06z4.o(.text))
<BR>[Address Reference Count : 1]<UL><LI> startup_mke06z4.o(RESET)
</UL>
<P><STRONG><a name="[23]"></a>Watchdog_IRQHandler</STRONG> (Thumb, 0 bytes, Stack size 0 bytes, startup_mke06z4.o(.text))
<BR>[Address Reference Count : 1]<UL><LI> startup_mke06z4.o(RESET)
</UL>
<P><STRONG><a name="[38]"></a>GPIO_Init</STRONG> (Thumb, 256 bytes, Stack size 24 bytes, gpio.o(.text))
<BR><BR>[Stack]<UL><LI>Max Depth = 48<LI>Call Chain = GPIO_Init &rArr; assert_failed &rArr; __2printf
</UL>
<BR>[Calls]<UL><LI><a href="#[2e]">&gt;&gt;</a>&nbsp;&nbsp;&nbsp;assert_failed
</UL>
<BR>[Called By]<UL><LI><a href="#[27]">&gt;&gt;</a>&nbsp;&nbsp;&nbsp;main
</UL>

<P><STRONG><a name="[39]"></a>GPIO_Toggle</STRONG> (Thumb, 40 bytes, Stack size 16 bytes, gpio.o(.text))
<BR><BR>[Stack]<UL><LI>Max Depth = 40<LI>Call Chain = GPIO_Toggle &rArr; assert_failed &rArr; __2printf
</UL>
<BR>[Calls]<UL><LI><a href="#[2e]">&gt;&gt;</a>&nbsp;&nbsp;&nbsp;assert_failed
</UL>
<BR>[Called By]<UL><LI><a href="#[2a]">&gt;&gt;</a>&nbsp;&nbsp;&nbsp;RTC_Task
</UL>

<P><STRONG><a name="[32]"></a>WDOG_Disable</STRONG> (Thumb, 34 bytes, Stack size 12 bytes, wdog.o(.text))
<BR><BR>[Stack]<UL><LI>Max Depth = 12<LI>Call Chain = WDOG_Disable
</UL>
<BR>[Called By]<UL><LI><a href="#[28]">&gt;&gt;</a>&nbsp;&nbsp;&nbsp;SystemInit
</UL>

<P><STRONG><a name="[60]"></a>__aeabi_uidiv</STRONG> (Thumb, 0 bytes, Stack size 12 bytes, uidiv.o(.text), UNUSED)

<P><STRONG><a name="[48]"></a>__aeabi_uidivmod</STRONG> (Thumb, 44 bytes, Stack size 12 bytes, uidiv.o(.text))
<BR><BR>[Stack]<UL><LI>Max Depth = 12<LI>Call Chain = __aeabi_uidivmod
</UL>
<BR>[Called By]<UL><LI><a href="#[42]">&gt;&gt;</a>&nbsp;&nbsp;&nbsp;UART_Init
</UL>

<P><STRONG><a name="[3b]"></a>__aeabi_memset</STRONG> (Thumb, 14 bytes, Stack size 0 bytes, memseta.o(.text), UNUSED)
<BR><BR>[Called By]<UL><LI><a href="#[3c]">&gt;&gt;</a>&nbsp;&nbsp;&nbsp;_memset$wrapper
<LI><a href="#[3a]">&gt;&gt;</a>&nbsp;&nbsp;&nbsp;__aeabi_memclr
</UL>

<P><STRONG><a name="[61]"></a>__aeabi_memset4</STRONG> (Thumb, 0 bytes, Stack size 0 bytes, memseta.o(.text), UNUSED)

<P><STRONG><a name="[62]"></a>__aeabi_memset8</STRONG> (Thumb, 0 bytes, Stack size 0 bytes, memseta.o(.text), UNUSED)

<P><STRONG><a name="[3a]"></a>__aeabi_memclr</STRONG> (Thumb, 4 bytes, Stack size 0 bytes, memseta.o(.text), UNUSED)
<BR><BR>[Calls]<UL><LI><a href="#[3b]">&gt;&gt;</a>&nbsp;&nbsp;&nbsp;__aeabi_memset
</UL>

<P><STRONG><a name="[44]"></a>__aeabi_memclr4</STRONG> (Thumb, 0 bytes, Stack size 0 bytes, memseta.o(.text))
<BR><BR>[Called By]<UL><LI><a href="#[43]">&gt;&gt;</a>&nbsp;&nbsp;&nbsp;sysinit
</UL>

<P><STRONG><a name="[63]"></a>__aeabi_memclr8</STRONG> (Thumb, 0 bytes, Stack size 0 bytes, memseta.o(.text), UNUSED)

<P><STRONG><a name="[3c]"></a>_memset$wrapper</STRONG> (Thumb, 18 bytes, Stack size 8 bytes, memseta.o(.text), UNUSED)
<BR><BR>[Calls]<UL><LI><a href="#[3b]">&gt;&gt;</a>&nbsp;&nbsp;&nbsp;__aeabi_memset
</UL>

<P><STRONG><a name="[2d]"></a>__scatterload</STRONG> (Thumb, 28 bytes, Stack size 0 bytes, init.o(.text))
<BR><BR>[Calls]<UL><LI><a href="#[3d]">&gt;&gt;</a>&nbsp;&nbsp;&nbsp;__main_after_scatterload
</UL>
<BR>[Called By]<UL><LI><a href="#[2c]">&gt;&gt;</a>&nbsp;&nbsp;&nbsp;_main_scatterload
</UL>

<P><STRONG><a name="[64]"></a>__scatterload_rt2</STRONG> (Thumb, 0 bytes, Stack size 0 bytes, init.o(.text), UNUSED)

<P><STRONG><a name="[65]"></a>__scatterload_null</STRONG> (Thumb, 2 bytes, Stack size unknown bytes, handlers.o(i.__scatterload_null), UNUSED)

<P><STRONG><a name="[3e]"></a>print_sys_log</STRONG> (Thumb, 188 bytes, Stack size 32 bytes, sysinit.o(.text))
<BR><BR>[Stack]<UL><LI>Max Depth = 56<LI>Call Chain = print_sys_log &rArr; __2printf
</UL>
<BR>[Calls]<UL><LI><a href="#[40]">&gt;&gt;</a>&nbsp;&nbsp;&nbsp;SIM_ReadID
<LI><a href="#[3f]">&gt;&gt;</a>&nbsp;&nbsp;&nbsp;SIM_GetStatus
<LI><a href="#[2f]">&gt;&gt;</a>&nbsp;&nbsp;&nbsp;__2printf
</UL>
<BR>[Called By]<UL><LI><a href="#[43]">&gt;&gt;</a>&nbsp;&nbsp;&nbsp;sysinit
</UL>

<P><STRONG><a name="[41]"></a>UART_InitPrint</STRONG> (Thumb, 22 bytes, Stack size 16 bytes, sysinit.o(.text))
<BR><BR>[Stack]<UL><LI>Max Depth = 64<LI>Call Chain = UART_InitPrint &rArr; UART_Init &rArr; assert_failed &rArr; __2printf
</UL>
<BR>[Calls]<UL><LI><a href="#[42]">&gt;&gt;</a>&nbsp;&nbsp;&nbsp;UART_Init
</UL>
<BR>[Called By]<UL><LI><a href="#[43]">&gt;&gt;</a>&nbsp;&nbsp;&nbsp;sysinit
</UL>

<P><STRONG><a name="[43]"></a>sysinit</STRONG> (Thumb, 106 bytes, Stack size 40 bytes, sysinit.o(.text))
<BR><BR>[Stack]<UL><LI>Max Depth = 104<LI>Call Chain = sysinit &rArr; UART_InitPrint &rArr; UART_Init &rArr; assert_failed &rArr; __2printf
</UL>
<BR>[Calls]<UL><LI><a href="#[46]">&gt;&gt;</a>&nbsp;&nbsp;&nbsp;SIM_Init
<LI><a href="#[45]">&gt;&gt;</a>&nbsp;&nbsp;&nbsp;ICS_Trim
<LI><a href="#[47]">&gt;&gt;</a>&nbsp;&nbsp;&nbsp;ICS_Init
<LI><a href="#[41]">&gt;&gt;</a>&nbsp;&nbsp;&nbsp;UART_InitPrint
<LI><a href="#[3e]">&gt;&gt;</a>&nbsp;&nbsp;&nbsp;print_sys_log
<LI><a href="#[44]">&gt;&gt;</a>&nbsp;&nbsp;&nbsp;__aeabi_memclr4
</UL>
<BR>[Called By]<UL><LI><a href="#[27]">&gt;&gt;</a>&nbsp;&nbsp;&nbsp;main
</UL>

<P><STRONG><a name="[42]"></a>UART_Init</STRONG> (Thumb, 120 bytes, Stack size 24 bytes, uart.o(.text))
<BR><BR>[Stack]<UL><LI>Max Depth = 48<LI>Call Chain = UART_Init &rArr; assert_failed &rArr; __2printf
</UL>
<BR>[Calls]<UL><LI><a href="#[2e]">&gt;&gt;</a>&nbsp;&nbsp;&nbsp;assert_failed
<LI><a href="#[48]">&gt;&gt;</a>&nbsp;&nbsp;&nbsp;__aeabi_uidivmod
</UL>
<BR>[Called By]<UL><LI><a href="#[41]">&gt;&gt;</a>&nbsp;&nbsp;&nbsp;UART_InitPrint
</UL>

<P><STRONG><a name="[31]"></a>UART_PutChar</STRONG> (Thumb, 10 bytes, Stack size 0 bytes, uart.o(.text))
<BR><BR>[Calls]<UL><LI><a href="#[31]">&gt;&gt;</a>&nbsp;&nbsp;&nbsp;UART_PutChar
</UL>
<BR>[Called By]<UL><LI><a href="#[31]">&gt;&gt;</a>&nbsp;&nbsp;&nbsp;UART_PutChar
<LI><a href="#[30]">&gt;&gt;</a>&nbsp;&nbsp;&nbsp;out_char
</UL>

<P><STRONG><a name="[46]"></a>SIM_Init</STRONG> (Thumb, 116 bytes, Stack size 12 bytes, sim.o(.text))
<BR><BR>[Stack]<UL><LI>Max Depth = 12<LI>Call Chain = SIM_Init
</UL>
<BR>[Called By]<UL><LI><a href="#[43]">&gt;&gt;</a>&nbsp;&nbsp;&nbsp;sysinit
</UL>

<P><STRONG><a name="[3f]"></a>SIM_GetStatus</STRONG> (Thumb, 8 bytes, Stack size 0 bytes, sim.o(.text))
<BR><BR>[Called By]<UL><LI><a href="#[3e]">&gt;&gt;</a>&nbsp;&nbsp;&nbsp;print_sys_log
</UL>

<P><STRONG><a name="[40]"></a>SIM_ReadID</STRONG> (Thumb, 24 bytes, Stack size 8 bytes, sim.o(.text))
<BR><BR>[Stack]<UL><LI>Max Depth = 8<LI>Call Chain = SIM_ReadID
</UL>
<BR>[Called By]<UL><LI><a href="#[3e]">&gt;&gt;</a>&nbsp;&nbsp;&nbsp;print_sys_log
</UL>

<P><STRONG><a name="[49]"></a>RTC_Init</STRONG> (Thumb, 96 bytes, Stack size 16 bytes, rtc.o(.text))
<BR><BR>[Stack]<UL><LI>Max Depth = 16<LI>Call Chain = RTC_Init
</UL>
<BR>[Calls]<UL><LI><a href="#[4a]">&gt;&gt;</a>&nbsp;&nbsp;&nbsp;RTC_ClrFlags
</UL>
<BR>[Called By]<UL><LI><a href="#[27]">&gt;&gt;</a>&nbsp;&nbsp;&nbsp;main
</UL>

<P><STRONG><a name="[51]"></a>RTC_SetCallback</STRONG> (Thumb, 6 bytes, Stack size 0 bytes, rtc.o(.text))
<BR><BR>[Called By]<UL><LI><a href="#[27]">&gt;&gt;</a>&nbsp;&nbsp;&nbsp;main
</UL>

<P><STRONG><a name="[2]"></a>RTC_Isr</STRONG> (Thumb, 18 bytes, Stack size 8 bytes, rtc.o(.text))
<BR><BR>[Stack]<UL><LI>Max Depth = 8<LI>Call Chain = RTC_Isr
</UL>
<BR>[Calls]<UL><LI><a href="#[4a]">&gt;&gt;</a>&nbsp;&nbsp;&nbsp;RTC_ClrFlags
</UL>
<BR>[Address Reference Count : 1]<UL><LI> vectors.o(.ARM.__AT_0x00000000)
</UL>
<P><STRONG><a name="[4d]"></a>ICS_SetClkDivider</STRONG> (Thumb, 74 bytes, Stack size 12 bytes, ics.o(.text))
<BR><BR>[Stack]<UL><LI>Max Depth = 12<LI>Call Chain = ICS_SetClkDivider
</UL>
<BR>[Called By]<UL><LI><a href="#[4f]">&gt;&gt;</a>&nbsp;&nbsp;&nbsp;FEI_to_FEE_OSC
<LI><a href="#[4e]">&gt;&gt;</a>&nbsp;&nbsp;&nbsp;FEI_to_FBE_OSC
<LI><a href="#[4b]">&gt;&gt;</a>&nbsp;&nbsp;&nbsp;FEI_to_FEE
</UL>

<P><STRONG><a name="[4c]"></a>OSC_Init</STRONG> (Thumb, 60 bytes, Stack size 0 bytes, ics.o(.text))
<BR><BR>[Called By]<UL><LI><a href="#[4f]">&gt;&gt;</a>&nbsp;&nbsp;&nbsp;FEI_to_FEE_OSC
<LI><a href="#[4e]">&gt;&gt;</a>&nbsp;&nbsp;&nbsp;FEI_to_FBE_OSC
<LI><a href="#[4b]">&gt;&gt;</a>&nbsp;&nbsp;&nbsp;FEI_to_FEE
</UL>

<P><STRONG><a name="[4b]"></a>FEI_to_FEE</STRONG> (Thumb, 56 bytes, Stack size 8 bytes, ics.o(.text))
<BR><BR>[Stack]<UL><LI>Max Depth = 20<LI>Call Chain = FEI_to_FEE &rArr; ICS_SetClkDivider
</UL>
<BR>[Calls]<UL><LI><a href="#[4c]">&gt;&gt;</a>&nbsp;&nbsp;&nbsp;OSC_Init
<LI><a href="#[4d]">&gt;&gt;</a>&nbsp;&nbsp;&nbsp;ICS_SetClkDivider
</UL>
<BR>[Called By]<UL><LI><a href="#[47]">&gt;&gt;</a>&nbsp;&nbsp;&nbsp;ICS_Init
</UL>

<P><STRONG><a name="[4e]"></a>FEI_to_FBE_OSC</STRONG> (Thumb, 78 bytes, Stack size 8 bytes, ics.o(.text))
<BR><BR>[Stack]<UL><LI>Max Depth = 20<LI>Call Chain = FEI_to_FBE_OSC &rArr; ICS_SetClkDivider
</UL>
<BR>[Calls]<UL><LI><a href="#[4c]">&gt;&gt;</a>&nbsp;&nbsp;&nbsp;OSC_Init
<LI><a href="#[4d]">&gt;&gt;</a>&nbsp;&nbsp;&nbsp;ICS_SetClkDivider
</UL>
<BR>[Called By]<UL><LI><a href="#[47]">&gt;&gt;</a>&nbsp;&nbsp;&nbsp;ICS_Init
</UL>

<P><STRONG><a name="[4f]"></a>FEI_to_FEE_OSC</STRONG> (Thumb, 56 bytes, Stack size 8 bytes, ics.o(.text))
<BR><BR>[Stack]<UL><LI>Max Depth = 20<LI>Call Chain = FEI_to_FEE_OSC &rArr; ICS_SetClkDivider
</UL>
<BR>[Calls]<UL><LI><a href="#[4c]">&gt;&gt;</a>&nbsp;&nbsp;&nbsp;OSC_Init
<LI><a href="#[4d]">&gt;&gt;</a>&nbsp;&nbsp;&nbsp;ICS_SetClkDivider
</UL>
<BR>[Called By]<UL><LI><a href="#[47]">&gt;&gt;</a>&nbsp;&nbsp;&nbsp;ICS_Init
</UL>

<P><STRONG><a name="[45]"></a>ICS_Trim</STRONG> (Thumb, 26 bytes, Stack size 0 bytes, ics.o(.text))
<BR><BR>[Called By]<UL><LI><a href="#[43]">&gt;&gt;</a>&nbsp;&nbsp;&nbsp;sysinit
</UL>

<P><STRONG><a name="[47]"></a>ICS_Init</STRONG> (Thumb, 54 bytes, Stack size 0 bytes, ics.o(.text))
<BR><BR>[Stack]<UL><LI>Max Depth = 20<LI>Call Chain = ICS_Init &rArr; FEI_to_FEE_OSC &rArr; ICS_SetClkDivider
</UL>
<BR>[Calls]<UL><LI><a href="#[4f]">&gt;&gt;</a>&nbsp;&nbsp;&nbsp;FEI_to_FEE_OSC
<LI><a href="#[4e]">&gt;&gt;</a>&nbsp;&nbsp;&nbsp;FEI_to_FBE_OSC
<LI><a href="#[4b]">&gt;&gt;</a>&nbsp;&nbsp;&nbsp;FEI_to_FEE
</UL>
<BR>[Called By]<UL><LI><a href="#[43]">&gt;&gt;</a>&nbsp;&nbsp;&nbsp;sysinit
</UL>

<P><STRONG><a name="[2a]"></a>RTC_Task</STRONG> (Thumb, 14 bytes, Stack size 8 bytes, gpio_demo.o(.text))
<BR><BR>[Stack]<UL><LI>Max Depth = 48<LI>Call Chain = RTC_Task &rArr; GPIO_Toggle &rArr; assert_failed &rArr; __2printf
</UL>
<BR>[Calls]<UL><LI><a href="#[39]">&gt;&gt;</a>&nbsp;&nbsp;&nbsp;GPIO_Toggle
</UL>
<BR>[Address Reference Count : 1]<UL><LI> gpio_demo.o(.text)
</UL>
<P><STRONG><a name="[27]"></a>main</STRONG> (Thumb, 80 bytes, Stack size 8 bytes, gpio_demo.o(.text))
<BR><BR>[Stack]<UL><LI>Max Depth = 112<LI>Call Chain = main &rArr; sysinit &rArr; UART_InitPrint &rArr; UART_Init &rArr; assert_failed &rArr; __2printf
</UL>
<BR>[Calls]<UL><LI><a href="#[38]">&gt;&gt;</a>&nbsp;&nbsp;&nbsp;GPIO_Init
<LI><a href="#[43]">&gt;&gt;</a>&nbsp;&nbsp;&nbsp;sysinit
<LI><a href="#[50]">&gt;&gt;</a>&nbsp;&nbsp;&nbsp;cpu_identify
<LI><a href="#[51]">&gt;&gt;</a>&nbsp;&nbsp;&nbsp;RTC_SetCallback
<LI><a href="#[49]">&gt;&gt;</a>&nbsp;&nbsp;&nbsp;RTC_Init
<LI><a href="#[2f]">&gt;&gt;</a>&nbsp;&nbsp;&nbsp;__2printf
</UL>
<BR>[Address Reference Count : 1]<UL><LI> entry9a.o(.ARM.Collect$$$$0000000B)
</UL>
<P><STRONG><a name="[52]"></a>__aeabi_uldivmod</STRONG> (Thumb, 96 bytes, Stack size 48 bytes, uldiv.o(.text), UNUSED)
<BR><BR>[Calls]<UL><LI><a href="#[53]">&gt;&gt;</a>&nbsp;&nbsp;&nbsp;__aeabi_llsr
<LI><a href="#[54]">&gt;&gt;</a>&nbsp;&nbsp;&nbsp;__aeabi_llsl
</UL>
<BR>[Called By]<UL><LI><a href="#[56]">&gt;&gt;</a>&nbsp;&nbsp;&nbsp;_printf_core
</UL>

<P><STRONG><a name="[54]"></a>__aeabi_llsl</STRONG> (Thumb, 32 bytes, Stack size 8 bytes, llshl.o(.text), UNUSED)
<BR><BR>[Called By]<UL><LI><a href="#[52]">&gt;&gt;</a>&nbsp;&nbsp;&nbsp;__aeabi_uldivmod
</UL>

<P><STRONG><a name="[66]"></a>_ll_shift_l</STRONG> (Thumb, 0 bytes, Stack size 8 bytes, llshl.o(.text), UNUSED)

<P><STRONG><a name="[53]"></a>__aeabi_llsr</STRONG> (Thumb, 34 bytes, Stack size 8 bytes, llushr.o(.text), UNUSED)
<BR><BR>[Called By]<UL><LI><a href="#[52]">&gt;&gt;</a>&nbsp;&nbsp;&nbsp;__aeabi_uldivmod
</UL>

<P><STRONG><a name="[67]"></a>_ll_ushift_r</STRONG> (Thumb, 0 bytes, Stack size 8 bytes, llushr.o(.text), UNUSED)

<P><STRONG><a name="[55]"></a>__0printf$8</STRONG> (Thumb, 24 bytes, Stack size 24 bytes, printf8.o(i.__0printf$8), UNUSED)
<BR><BR>[Calls]<UL><LI><a href="#[56]">&gt;&gt;</a>&nbsp;&nbsp;&nbsp;_printf_core
</UL>

<P><STRONG><a name="[68]"></a>__1printf$8</STRONG> (Thumb, 0 bytes, Stack size 24 bytes, printf8.o(i.__0printf$8), UNUSED)

<P><STRONG><a name="[2f]"></a>__2printf</STRONG> (Thumb, 0 bytes, Stack size 24 bytes, printf8.o(i.__0printf$8))
<BR><BR>[Stack]<UL><LI>Max Depth = 24<LI>Call Chain = __2printf
</UL>
<BR>[Called By]<UL><LI><a href="#[3e]">&gt;&gt;</a>&nbsp;&nbsp;&nbsp;print_sys_log
<LI><a href="#[27]">&gt;&gt;</a>&nbsp;&nbsp;&nbsp;main
<LI><a href="#[2e]">&gt;&gt;</a>&nbsp;&nbsp;&nbsp;assert_failed
</UL>

<P><STRONG><a name="[69]"></a>__scatterload_copy</STRONG> (Thumb, 14 bytes, Stack size unknown bytes, handlers.o(i.__scatterload_copy), UNUSED)

<P><STRONG><a name="[6a]"></a>__scatterload_zeroinit</STRONG> (Thumb, 14 bytes, Stack size unknown bytes, handlers.o(i.__scatterload_zeroinit), UNUSED)
<P>
<H3>
Local Symbols
</H3>
<P><STRONG><a name="[4a]"></a>RTC_ClrFlags</STRONG> (Thumb, 12 bytes, Stack size 0 bytes, rtc.o(.text))
<BR><BR>[Called By]<UL><LI><a href="#[2]">&gt;&gt;</a>&nbsp;&nbsp;&nbsp;RTC_Isr
<LI><a href="#[49]">&gt;&gt;</a>&nbsp;&nbsp;&nbsp;RTC_Init
</UL>

<P><STRONG><a name="[56]"></a>_printf_core</STRONG> (Thumb, 1020 bytes, Stack size 104 bytes, printf8.o(i._printf_core), UNUSED)
<BR><BR>[Calls]<UL><LI><a href="#[57]">&gt;&gt;</a>&nbsp;&nbsp;&nbsp;_printf_pre_padding
<LI><a href="#[58]">&gt;&gt;</a>&nbsp;&nbsp;&nbsp;_printf_post_padding
<LI><a href="#[52]">&gt;&gt;</a>&nbsp;&nbsp;&nbsp;__aeabi_uldivmod
</UL>
<BR>[Called By]<UL><LI><a href="#[55]">&gt;&gt;</a>&nbsp;&nbsp;&nbsp;__0printf$8
</UL>

<P><STRONG><a name="[58]"></a>_printf_post_padding</STRONG> (Thumb, 32 bytes, Stack size 24 bytes, printf8.o(i._printf_post_padding), UNUSED)
<BR><BR>[Called By]<UL><LI><a href="#[56]">&gt;&gt;</a>&nbsp;&nbsp;&nbsp;_printf_core
</UL>

<P><STRONG><a name="[57]"></a>_printf_pre_padding</STRONG> (Thumb, 44 bytes, Stack size 40 bytes, printf8.o(i._printf_pre_padding), UNUSED)
<BR><BR>[Called By]<UL><LI><a href="#[56]">&gt;&gt;</a>&nbsp;&nbsp;&nbsp;_printf_core
</UL>
<P>
<H3>
Undefined Global Symbols
</H3><HR></body></html>
